Scheduler.c:36:6:Idle_Task	4	static,ignoring_inline_asm
Scheduler.c:49:14:RTOS_Create_MainStack	16	static
Scheduler.c:62:14:RTOS_init	16	static
Scheduler.c:94:14:RTOS_Create_TaskStack	24	static
Scheduler.c:146:14:RTOS_CreateTask	24	static
Scheduler.c:185:6:BubbleSort_SchedulerTable	24	static
Scheduler.c:203:6:RTOS_Update_SchedulerTable	24	static
Scheduler.c:266:6:Decide_whatNext	8	static
Scheduler.c:301:23:PendSV_Handler	0	static,ignoring_inline_asm
Scheduler.c:429:6:OS_SVC	24	static
Scheduler.c:466:5:OS_SVC_Set	16	static,ignoring_inline_asm
Scheduler.c:488:6:RTOS_ActivateTask	16	static
Scheduler.c:494:6:RTOS_TerminalTask	16	static
Scheduler.c:500:6:RTOS_StartOS	8	static,ignoring_inline_asm
Scheduler.c:519:6:RTOS_TaskWait	16	static
Scheduler.c:527:6:RTOS_Update_TaskWaitingTime	16	static
Scheduler.c:553:6:RTOS_Acquire_Mutex	16	static
Scheduler.c:576:6:RTOS_Release_Mutex	16	static
