Scheduler.c:38:6:Idle_Task	4	static,ignoring_inline_asm
Scheduler.c:51:16:AORTOS_Create_MainStack	16	static
Scheduler.c:64:16:AORTOS_init	16	static
Scheduler.c:96:16:AORTOS_Create_TaskStack	24	static
Scheduler.c:148:16:AORTOS_CreateTask	24	static
Scheduler.c:187:6:BubbleSort_SchedulerTable	24	static
Scheduler.c:205:6:AORTOS_Update_SchedulerTable	24	static
Scheduler.c:277:6:AORTOS_Decide_whatNext	8	static
Scheduler.c:312:23:PendSV_Handler	0	static,ignoring_inline_asm
Scheduler.c:440:6:OS_SVC	24	static
Scheduler.c:477:5:OS_SVC_Set	16	static,ignoring_inline_asm
Scheduler.c:499:6:AORTOS_ActivateTask	16	static
Scheduler.c:505:6:AORTOS_TerminalTask	16	static
Scheduler.c:511:6:AORTOS_StartOS	8	static,ignoring_inline_asm
Scheduler.c:530:6:AORTOS_TaskWait	16	static
Scheduler.c:538:6:AORTOS_Update_TaskWaitingTime	16	static
Scheduler.c:564:6:AORTOS_Acquire_Mutex	32	static
Scheduler.c:612:6:AORTOS_Release_Mutex	24	static
