Scheduler.c:45:6:Idle_Task	4	static,ignoring_inline_asm
Scheduler.c:58:14:RTOS_Create_MainStack	16	static
Scheduler.c:71:14:RTOS_init	16	static
Scheduler.c:103:14:RTOS_Create_TaskStack	24	static
Scheduler.c:155:14:RTOS_CreateTask	24	static
Scheduler.c:194:6:BubbleSort_SchedulerTable	24	static
Scheduler.c:212:6:RTOS_Update_SchedulerTable	24	static
Scheduler.c:284:6:Decide_whatNext	8	static
Scheduler.c:319:23:PendSV_Handler	0	static,ignoring_inline_asm
Scheduler.c:447:6:OS_SVC	24	static
Scheduler.c:484:5:OS_SVC_Set	16	static,ignoring_inline_asm
Scheduler.c:506:6:RTOS_ActivateTask	16	static
Scheduler.c:512:6:RTOS_TerminalTask	16	static
Scheduler.c:518:6:RTOS_StartOS	8	static,ignoring_inline_asm
Scheduler.c:537:6:RTOS_TaskWait	16	static
Scheduler.c:545:6:RTOS_Update_TaskWaitingTime	16	static
Scheduler.c:571:6:RTOS_Acquire_Mutex	32	static
Scheduler.c:627:6:RTOS_Release_Mutex	24	static
