core_cm3.h:1674:22:__NVIC_SetPriority	16	static
core_cm3.h:1872:26:SysTick_Config	16	static
CortexMX_OS_porting.c:10:6:HardFault_Handler	4	static
CortexMX_OS_porting.c:14:6:MemManage_Handler	4	static
CortexMX_OS_porting.c:18:6:BusFault_Handler	4	static
CortexMX_OS_porting.c:22:6:UsageFault_Handler	4	static
CortexMX_OS_porting.c:27:6:trigger_OS_PendSV	4	static
CortexMX_OS_porting.c:34:6:SysTick_Handler	8	static
CortexMX_OS_porting.c:45:27:SVC_Handler	0	static,ignoring_inline_asm
CortexMX_OS_porting.c:54:6:Hardware_init	8	static
CortexMX_OS_porting.c:68:6:Start_Systick	8	static
