Archive member included to satisfy reference by file (symbol)

c:/st/stm32cubeide_1.4.0/stm32cubeide/plugins/com.st.stm32cube.ide.mcu.externaltools.gnu-tools-for-stm32.7-2018-q2-update.win32_1.4.0.202007081208/tools/bin/../lib/gcc/arm-none-eabi/7.3.1/../../../../arm-none-eabi/lib/thumb/v7-m\libc_nano.a(lib_a-errno.o)
                              Src/syscalls.o (__errno)
c:/st/stm32cubeide_1.4.0/stm32cubeide/plugins/com.st.stm32cube.ide.mcu.externaltools.gnu-tools-for-stm32.7-2018-q2-update.win32_1.4.0.202007081208/tools/bin/../lib/gcc/arm-none-eabi/7.3.1/../../../../arm-none-eabi/lib/thumb/v7-m\libc_nano.a(lib_a-exit.o)
                              c:/st/stm32cubeide_1.4.0/stm32cubeide/plugins/com.st.stm32cube.ide.mcu.externaltools.gnu-tools-for-stm32.7-2018-q2-update.win32_1.4.0.202007081208/tools/bin/../lib/gcc/arm-none-eabi/7.3.1/../../../../arm-none-eabi/lib/thumb/v7-m/crt0.o (exit)
c:/st/stm32cubeide_1.4.0/stm32cubeide/plugins/com.st.stm32cube.ide.mcu.externaltools.gnu-tools-for-stm32.7-2018-q2-update.win32_1.4.0.202007081208/tools/bin/../lib/gcc/arm-none-eabi/7.3.1/../../../../arm-none-eabi/lib/thumb/v7-m\libc_nano.a(lib_a-impure.o)
                              c:/st/stm32cubeide_1.4.0/stm32cubeide/plugins/com.st.stm32cube.ide.mcu.externaltools.gnu-tools-for-stm32.7-2018-q2-update.win32_1.4.0.202007081208/tools/bin/../lib/gcc/arm-none-eabi/7.3.1/../../../../arm-none-eabi/lib/thumb/v7-m\libc_nano.a(lib_a-exit.o) (_global_impure_ptr)
c:/st/stm32cubeide_1.4.0/stm32cubeide/plugins/com.st.stm32cube.ide.mcu.externaltools.gnu-tools-for-stm32.7-2018-q2-update.win32_1.4.0.202007081208/tools/bin/../lib/gcc/arm-none-eabi/7.3.1/../../../../arm-none-eabi/lib/thumb/v7-m\libc_nano.a(lib_a-init.o)
                              c:/st/stm32cubeide_1.4.0/stm32cubeide/plugins/com.st.stm32cube.ide.mcu.externaltools.gnu-tools-for-stm32.7-2018-q2-update.win32_1.4.0.202007081208/tools/bin/../lib/gcc/arm-none-eabi/7.3.1/../../../../arm-none-eabi/lib/thumb/v7-m/crt0.o (__libc_init_array)
c:/st/stm32cubeide_1.4.0/stm32cubeide/plugins/com.st.stm32cube.ide.mcu.externaltools.gnu-tools-for-stm32.7-2018-q2-update.win32_1.4.0.202007081208/tools/bin/../lib/gcc/arm-none-eabi/7.3.1/../../../../arm-none-eabi/lib/thumb/v7-m\libc_nano.a(lib_a-memset.o)
                              c:/st/stm32cubeide_1.4.0/stm32cubeide/plugins/com.st.stm32cube.ide.mcu.externaltools.gnu-tools-for-stm32.7-2018-q2-update.win32_1.4.0.202007081208/tools/bin/../lib/gcc/arm-none-eabi/7.3.1/../../../../arm-none-eabi/lib/thumb/v7-m/crt0.o (memset)
c:/st/stm32cubeide_1.4.0/stm32cubeide/plugins/com.st.stm32cube.ide.mcu.externaltools.gnu-tools-for-stm32.7-2018-q2-update.win32_1.4.0.202007081208/tools/bin/../lib/gcc/arm-none-eabi/7.3.1/../../../../arm-none-eabi/lib/thumb/v7-m\libc_nano.a(lib_a-strcmp.o)
                              RTOS/Scheduler.o (strcmp)

Allocating common symbols
Common symbol       size              file

T2                  0x40              Src/main.o
Mutex1              0x28              Src/main.o
re_evaluatedPriority
                    0x1               RTOS/Scheduler.o
SysTickLed          0x1               RTOS/CortexMX_OS_porting.o
T4                  0x40              Src/main.o
T3_Led              0x1               Src/main.o
OS_Control          0x1ac             RTOS/Scheduler.o
AquiredTasks        0xc8              RTOS/Scheduler.o
GP_IRQ_CALLBACK     0x3c              Stm32_F103C6_Drivers/EXTI/Stm32_F103C6_EXTI_driver.o
T2_Led              0x1               Src/main.o
T1_Led              0x1               Src/main.o
T3                  0x40              Src/main.o
Ready_QUEUE         0x14              RTOS/Scheduler.o
T1                  0x40              Src/main.o
Mutex2              0x28              Src/main.o
PinCfg              0x4               Stm32_F103C6_Drivers/KEYPAD_DRIVER/keypad_driver.o
T4_Led              0x1               Src/main.o
IdleTaskLed         0x1               RTOS/Scheduler.o
RTOS_IdleTask       0x40              RTOS/Scheduler.o
Ready_QUEUE_FIFO    0x190             RTOS/Scheduler.o

Discarded input sections

 .text          0x0000000000000000        0x0 c:/st/stm32cubeide_1.4.0/stm32cubeide/plugins/com.st.stm32cube.ide.mcu.externaltools.gnu-tools-for-stm32.7-2018-q2-update.win32_1.4.0.202007081208/tools/bin/../lib/gcc/arm-none-eabi/7.3.1/thumb/v7-m/crti.o
 .data          0x0000000000000000        0x0 c:/st/stm32cubeide_1.4.0/stm32cubeide/plugins/com.st.stm32cube.ide.mcu.externaltools.gnu-tools-for-stm32.7-2018-q2-update.win32_1.4.0.202007081208/tools/bin/../lib/gcc/arm-none-eabi/7.3.1/thumb/v7-m/crti.o
 .bss           0x0000000000000000        0x0 c:/st/stm32cubeide_1.4.0/stm32cubeide/plugins/com.st.stm32cube.ide.mcu.externaltools.gnu-tools-for-stm32.7-2018-q2-update.win32_1.4.0.202007081208/tools/bin/../lib/gcc/arm-none-eabi/7.3.1/thumb/v7-m/crti.o
[...]
Memory Configuration

Name             Origin             Length             Attributes
RAM              0x0000000020000000 0x0000000000002800 xrw
ROM              0x0000000008000000 0x0000000000008000 xr
*default*        0x0000000000000000 0xffffffffffffffff

Linker script and memory map

LOAD c:/st/stm32cubeide_1.4.0/stm32cubeide/plugins/com.st.stm32cube.ide.mcu.externaltools.gnu-tools-for-stm32.7-2018-q2-update.win32_1.4.0.202007081208/tools/bin/../lib/gcc/arm-none-eabi/7.3.1/thumb/v7-m/crti.o
LOAD c:/st/stm32cubeide_1.4.0/stm32cubeide/plugins/com.st.stm32cube.ide.mcu.externaltools.gnu-tools-for-stm32.7-2018-q2-update.win32_1.4.0.202007081208/tools/bin/../lib/gcc/arm-none-eabi/7.3.1/thumb/v7-m/crtbegin.o
LOAD c:/st/stm32cubeide_1.4.0/stm32cubeide/plugins/com.st.stm32cube.ide.mcu.externaltools.gnu-tools-for-stm32.7-2018-q2-update.win32_1.4.0.202007081208/tools/bin/../lib/gcc/arm-none-eabi/7.3.1/../../../../arm-none-eabi/lib/thumb/v7-m/crt0.o
LOAD HAL/I2C_Slave_EEPROM.o
LOAD RTOS/CortexMX_OS_porting.o
LOAD RTOS/MYRTOS_FIFO.o
LOAD RTOS/Scheduler.o
LOAD Src/main.o
LOAD Src/syscalls.o
LOAD Src/sysmem.o
LOAD Startup/startup_stm32f103c6tx.o
LOAD Stm32_F103C6_Drivers/EXTI/Stm32_F103C6_EXTI_driver.o
LOAD Stm32_F103C6_Drivers/GPIO/Stm32_F103C6_gpio_driver.o
LOAD Stm32_F103C6_Drivers/I2C/Stm32_F103C6_I2C_driver.o
LOAD Stm32_F103C6_Drivers/KEYPAD_DRIVER/keypad_driver.o
LOAD Stm32_F103C6_Drivers/LCD_DRIVER/lcd_driver.o
LOAD Stm32_F103C6_Drivers/RCC/Stm32_F103C6_RCC_driver.o
LOAD Stm32_F103C6_Drivers/SPI/Stm32_F103C6_SPI_driver.o
LOAD Stm32_F103C6_Drivers/TIM/TIM.o
LOAD Stm32_F103C6_Drivers/USART/Stm32_F103C6_USART_driver.o
START GROUP
LOAD c:/st/stm32cubeide_1.4.0/stm32cubeide/plugins/com.st.stm32cube.ide.mcu.externaltools.gnu-tools-for-stm32.7-2018-q2-update.win32_1.4.0.202007081208/tools/bin/../lib/gcc/arm-none-eabi/7.3.1/../../../../arm-none-eabi/lib/thumb/v7-m\libc_nano.a
LOAD c:/st/stm32cubeide_1.4.0/stm32cubeide/plugins/com.st.stm32cube.ide.mcu.externaltools.gnu-tools-for-stm32.7-2018-q2-update.win32_1.4.0.202007081208/tools/bin/../lib/gcc/arm-none-eabi/7.3.1/../../../../arm-none-eabi/lib/thumb/v7-m\libm.a
END GROUP
START GROUP
LOAD c:/st/stm32cubeide_1.4.0/stm32cubeide/plugins/com.st.stm32cube.ide.mcu.externaltools.gnu-tools-for-stm32.7-2018-q2-update.win32_1.4.0.202007081208/tools/bin/../lib/gcc/arm-none-eabi/7.3.1/thumb/v7-m\libgcc.a
LOAD c:/st/stm32cubeide_1.4.0/stm32cubeide/plugins/com.st.stm32cube.ide.mcu.externaltools.gnu-tools-for-stm32.7-2018-q2-update.win32_1.4.0.202007081208/tools/bin/../lib/gcc/arm-none-eabi/7.3.1/../../../../arm-none-eabi/lib/thumb/v7-m\libg_nano.a
LOAD c:/st/stm32cubeide_1.4.0/stm32cubeide/plugins/com.st.stm32cube.ide.mcu.externaltools.gnu-tools-for-stm32.7-2018-q2-update.win32_1.4.0.202007081208/tools/bin/../lib/gcc/arm-none-eabi/7.3.1/../../../../arm-none-eabi/lib/thumb/v7-m\libc_nano.a
END GROUP
START GROUP
LOAD c:/st/stm32cubeide_1.4.0/stm32cubeide/plugins/com.st.stm32cube.ide.mcu.externaltools.gnu-tools-for-stm32.7-2018-q2-update.win32_1.4.0.202007081208/tools/bin/../lib/gcc/arm-none-eabi/7.3.1/thumb/v7-m\libgcc.a
LOAD c:/st/stm32cubeide_1.4.0/stm32cubeide/plugins/com.st.stm32cube.ide.mcu.externaltools.gnu-tools-for-stm32.7-2018-q2-update.win32_1.4.0.202007081208/tools/bin/../lib/gcc/arm-none-eabi/7.3.1/../../../../arm-none-eabi/lib/thumb/v7-m\libc_nano.a
LOAD c:/st/stm32cubeide_1.4.0/stm32cubeide/plugins/com.st.stm32cube.ide.mcu.externaltools.gnu-tools-for-stm32.7-2018-q2-update.win32_1.4.0.202007081208/tools/bin/../lib/gcc/arm-none-eabi/7.3.1/../../../../arm-none-eabi/lib/thumb/v7-m\libnosys.a
END GROUP
START GROUP
LOAD c:/st/stm32cubeide_1.4.0/stm32cubeide/plugins/com.st.stm32cube.ide.mcu.externaltools.gnu-tools-for-stm32.7-2018-q2-update.win32_1.4.0.202007081208/tools/bin/../lib/gcc/arm-none-eabi/7.3.1/thumb/v7-m\libgcc.a
LOAD c:/st/stm32cubeide_1.4.0/stm32cubeide/plugins/com.st.stm32cube.ide.mcu.externaltools.gnu-tools-for-stm32.7-2018-q2-update.win32_1.4.0.202007081208/tools/bin/../lib/gcc/arm-none-eabi/7.3.1/../../../../arm-none-eabi/lib/thumb/v7-m\libc_nano.a
LOAD c:/st/stm32cubeide_1.4.0/stm32cubeide/plugins/com.st.stm32cube.ide.mcu.externaltools.gnu-tools-for-stm32.7-2018-q2-update.win32_1.4.0.202007081208/tools/bin/../lib/gcc/arm-none-eabi/7.3.1/../../../../arm-none-eabi/lib/thumb/v7-m\libnosys.a
END GROUP
LOAD c:/st/stm32cubeide_1.4.0/stm32cubeide/plugins/com.st.stm32cube.ide.mcu.externaltools.gnu-tools-for-stm32.7-2018-q2-update.win32_1.4.0.202007081208/tools/bin/../lib/gcc/arm-none-eabi/7.3.1/thumb/v7-m/crtend.o
LOAD c:/st/stm32cubeide_1.4.0/stm32cubeide/plugins/com.st.stm32cube.ide.mcu.externaltools.gnu-tools-for-stm32.7-2018-q2-update.win32_1.4.0.202007081208/tools/bin/../lib/gcc/arm-none-eabi/7.3.1/thumb/v7-m/crtn.o
                0x0000000020002800                _estack = (ORIGIN (RAM) + LENGTH (RAM))
                0x0000000000000200                _Min_Heap_Size = 0x200
                0x0000000000000400                _Min_Stack_Size = 0x400

.isr_vector     0x0000000008000000      0x130
                0x0000000008000000                . = ALIGN (0x4)
 *(.isr_vector)
 .isr_vector    0x0000000008000000      0x130 Startup/startup_stm32f103c6tx.o
                0x0000000008000000                g_pfnVectors
                0x0000000008000130                . = ALIGN (0x4)

.text           0x0000000008000130     0x121c
                0x0000000008000130                . = ALIGN (0x4)
 *(.text)
 .text          0x0000000008000130       0x40 c:/st/stm32cubeide_1.4.0/stm32cubeide/plugins/com.st.stm32cube.ide.mcu.externaltools.gnu-tools-for-stm32.7-2018-q2-update.win32_1.4.0.202007081208/tools/bin/../lib/gcc/arm-none-eabi/7.3.1/thumb/v7-m/crtbegin.o
 .text          0x0000000008000170       0x14 c:/st/stm32cubeide_1.4.0/stm32cubeide/plugins/com.st.stm32cube.ide.mcu.externaltools.gnu-tools-for-stm32.7-2018-q2-update.win32_1.4.0.202007081208/tools/bin/../lib/gcc/arm-none-eabi/7.3.1/../../../../arm-none-eabi/lib/thumb/v7-m\libc_nano.a(lib_a-strcmp.o)
                0x0000000008000170                strcmp
 *(.text*)
 .text.__NVIC_SetPriority
                0x0000000008000184       0x54 RTOS/CortexMX_OS_porting.o
 .text.SysTick_Config
                0x00000000080001d8       0x44 RTOS/CortexMX_OS_porting.o
 .text.HardFault_Handler
                0x000000000800021c        0xc RTOS/CortexMX_OS_porting.o
                0x000000000800021c                HardFault_Handler
 .text.MemManage_Handler
                0x0000000008000228        0xc RTOS/CortexMX_OS_porting.o
                0x0000000008000228                MemManage_Handler
 .text.BusFault_Handler
                0x0000000008000234        0xc RTOS/CortexMX_OS_porting.o
                0x0000000008000234                BusFault_Handler
 .text.UsageFault_Handler
                0x0000000008000240        0xc RTOS/CortexMX_OS_porting.o
                0x0000000008000240                UsageFault_Handler
 .text.trigger_OS_PendSV
                0x000000000800024c       0x1c RTOS/CortexMX_OS_porting.o
                0x000000000800024c                trigger_OS_PendSV
 .text.SysTick_Handler
                0x0000000008000268       0x28 RTOS/CortexMX_OS_porting.o
                0x0000000008000268                SysTick_Handler
 .text.SVC_Handler
                0x0000000008000290       0x14 RTOS/CortexMX_OS_porting.o
                0x0000000008000290                SVC_Handler
 .text.Hardware_init
                0x00000000080002a4       0x12 RTOS/CortexMX_OS_porting.o
                0x00000000080002a4                Hardware_init
 .text.Start_Systick
                0x00000000080002b6       0x10 RTOS/CortexMX_OS_porting.o
                0x00000000080002b6                Start_Systick
 .text.FIFO_init
                0x00000000080002c6       0x44 RTOS/MYRTOS_FIFO.o
                0x00000000080002c6                FIFO_init
 .text.FIFO_enqueue
                0x000000000800030a       0x84 RTOS/MYRTOS_FIFO.o
                0x000000000800030a                FIFO_enqueue
 .text.FIFO_dequeue
                0x000000000800038e       0x7a RTOS/MYRTOS_FIFO.o
                0x000000000800038e                FIFO_dequeue
 .text.Idle_Task
                0x0000000008000408       0x1c RTOS/Scheduler.o
                0x0000000008000408                Idle_Task
 .text.RTOS_Create_MainStack
                0x0000000008000424       0x44 RTOS/Scheduler.o
                0x0000000008000424                RTOS_Create_MainStack
 .text.RTOS_init
                0x0000000008000468       0x84 RTOS/Scheduler.o
                0x0000000008000468                RTOS_init
 .text.RTOS_Create_TaskStack
                0x00000000080004ec       0x82 RTOS/Scheduler.o
                0x00000000080004ec                RTOS_Create_TaskStack
 *fill*         0x000000000800056e        0x2 
 .text.RTOS_CreateTask
                0x0000000008000570       0x6c RTOS/Scheduler.o
                0x0000000008000570                RTOS_CreateTask
 .text.BubbleSort_SchedulerTable
                0x00000000080005dc       0x90 RTOS/Scheduler.o
                0x00000000080005dc                BubbleSort_SchedulerTable
 .text.RTOS_Update_SchedulerTable
                0x000000000800066c      0x10c RTOS/Scheduler.o
                0x000000000800066c                RTOS_Update_SchedulerTable
 .text.Decide_whatNext
                0x0000000008000778       0x98 RTOS/Scheduler.o
                0x0000000008000778                Decide_whatNext
 .text.PendSV_Handler
                0x0000000008000810      0x1c4 RTOS/Scheduler.o
                0x0000000008000810                PendSV_Handler
 .text.OS_SVC   0x00000000080009d4       0x7c RTOS/Scheduler.o
                0x00000000080009d4                OS_SVC
 .text.OS_SVC_Set
                0x0000000008000a50       0x48 RTOS/Scheduler.o
                0x0000000008000a50                OS_SVC_Set
 .text.RTOS_ActivateTask
                0x0000000008000a98       0x1c RTOS/Scheduler.o
                0x0000000008000a98                RTOS_ActivateTask
 .text.RTOS_TerminalTask
                0x0000000008000ab4       0x1c RTOS/Scheduler.o
                0x0000000008000ab4                RTOS_TerminalTask
 .text.RTOS_StartOS
                0x0000000008000ad0       0x5c RTOS/Scheduler.o
                0x0000000008000ad0                RTOS_StartOS
 .text.RTOS_Update_TaskWaitingTime
                0x0000000008000b2c       0x88 RTOS/Scheduler.o
                0x0000000008000b2c                RTOS_Update_TaskWaitingTime
 .text.RTOS_Acquire_Mutex
                0x0000000008000bb4       0xe4 RTOS/Scheduler.o
                0x0000000008000bb4                RTOS_Acquire_Mutex
 .text.RTOS_Release_Mutex
                0x0000000008000c98       0xa8 RTOS/Scheduler.o
                0x0000000008000c98                RTOS_Release_Mutex
 .text.Task1    0x0000000008000d40       0x6c Src/main.o
                0x0000000008000d40                Task1
 .text.Task2    0x0000000008000dac       0x54 Src/main.o
                0x0000000008000dac                Task2
 .text.Task3    0x0000000008000e00       0x54 Src/main.o
                0x0000000008000e00                Task3
 .text.Task4    0x0000000008000e54       0x68 Src/main.o
                0x0000000008000e54                Task4
 .text.main     0x0000000008000ebc      0x148 Src/main.o
                0x0000000008000ebc                main
 .text.Reset_Handler
                0x0000000008001004       0x50 Startup/startup_stm32f103c6tx.o
                0x0000000008001004                Reset_Handler
 .text.Default_Handler
                0x0000000008001054        0x2 Startup/startup_stm32f103c6tx.o
                0x0000000008001054                TIM8_TRG_COM_IRQHandler
                0x0000000008001054                TIM8_CC_IRQHandler
                0x0000000008001054                DebugMon_Handler
                0x0000000008001054                TIM1_CC_IRQHandler
                0x0000000008001054                TIM6_IRQHandler
                0x0000000008001054                PVD_IRQHandler
                0x0000000008001054                SDIO_IRQHandler
                0x0000000008001054                NMI_Handler
                0x0000000008001054                USB_HP_CAN_TX_IRQHandler
                0x0000000008001054                I2C2_EV_IRQHandler
                0x0000000008001054                ADC1_2_IRQHandler
                0x0000000008001054                CAN_SCE_IRQHandler
                0x0000000008001054                TAMPER_IRQHandler
                0x0000000008001054                TIM8_UP_IRQHandler
                0x0000000008001054                DMA2_Channel2_IRQHandler
                0x0000000008001054                DMA1_Channel4_IRQHandler
                0x0000000008001054                RTC_IRQHandler
                0x0000000008001054                DMA1_Channel7_IRQHandler
                0x0000000008001054                UART5_IRQHandler
                0x0000000008001054                ADC3_IRQHandler
                0x0000000008001054                TIM4_IRQHandler
                0x0000000008001054                CAN_RX1_IRQHandler
                0x0000000008001054                DMA2_Channel1_IRQHandler
                0x0000000008001054                I2C1_EV_IRQHandler
                0x0000000008001054                DMA1_Channel6_IRQHandler
                0x0000000008001054                UART4_IRQHandler
                0x0000000008001054                TIM3_IRQHandler
                0x0000000008001054                RCC_IRQHandler
                0x0000000008001054                TIM1_TRG_COM_IRQHandler
                0x0000000008001054                DMA1_Channel1_IRQHandler
                0x0000000008001054                Default_Handler
                0x0000000008001054                TIM7_IRQHandler
                0x0000000008001054                TIM5_IRQHandler
                0x0000000008001054                USB_LP_CAN_RX0_IRQHandler
                0x0000000008001054                DMA1_Channel5_IRQHandler
                0x0000000008001054                DMA1_Channel3_IRQHandler
                0x0000000008001054                FSMC_IRQHandler
                0x0000000008001054                TIM1_UP_IRQHandler
                0x0000000008001054                WWDG_IRQHandler
                0x0000000008001054                TIM2_IRQHandler
                0x0000000008001054                TIM1_BRK_IRQHandler
                0x0000000008001054                RTCAlarm_IRQHandler
                0x0000000008001054                DMA2_Channel4_5_IRQHandler
                0x0000000008001054                I2C2_ER_IRQHandler
                0x0000000008001054                DMA1_Channel2_IRQHandler
                0x0000000008001054                TIM8_BRK_IRQHandler
                0x0000000008001054                FLASH_IRQHandler
                0x0000000008001054                SPI3_IRQHandler
                0x0000000008001054                I2C1_ER_IRQHandler
                0x0000000008001054                DMA2_Channel3_IRQHandler
 *fill*         0x0000000008001056        0x2 
 .text.EXTI0_IRQHandler
                0x0000000008001058       0x24 Stm32_F103C6_Drivers/EXTI/Stm32_F103C6_EXTI_driver.o
                0x0000000008001058                EXTI0_IRQHandler
 .text.EXTI1_IRQHandler
                0x000000000800107c       0x24 Stm32_F103C6_Drivers/EXTI/Stm32_F103C6_EXTI_driver.o
                0x000000000800107c                EXTI1_IRQHandler
 .text.EXTI2_IRQHandler
                0x00000000080010a0       0x24 Stm32_F103C6_Drivers/EXTI/Stm32_F103C6_EXTI_driver.o
                0x00000000080010a0                EXTI2_IRQHandler
 .text.EXTI3_IRQHandler
                0x00000000080010c4       0x24 Stm32_F103C6_Drivers/EXTI/Stm32_F103C6_EXTI_driver.o
                0x00000000080010c4                EXTI3_IRQHandler
 .text.EXTI4_IRQHandler
                0x00000000080010e8       0x24 Stm32_F103C6_Drivers/EXTI/Stm32_F103C6_EXTI_driver.o
                0x00000000080010e8                EXTI4_IRQHandler
 .text.EXTI9_5_IRQHandler
                0x000000000800110c       0xa8 Stm32_F103C6_Drivers/EXTI/Stm32_F103C6_EXTI_driver.o
                0x000000000800110c                EXTI9_5_IRQHandler
 .text.EXTI15_10_IRQHandler
                0x00000000080011b4       0xc4 Stm32_F103C6_Drivers/EXTI/Stm32_F103C6_EXTI_driver.o
                0x00000000080011b4                EXTI15_10_IRQHandler
 .text.SPI1_IRQHandler
                0x0000000008001278       0x1c Stm32_F103C6_Drivers/SPI/Stm32_F103C6_SPI_driver.o
                0x0000000008001278                SPI1_IRQHandler
 .text.SPI2_IRQHandler
                0x0000000008001294       0x1c Stm32_F103C6_Drivers/SPI/Stm32_F103C6_SPI_driver.o
                0x0000000008001294                SPI2_IRQHandler
 .text.USART1_IRQHandler
                0x00000000080012b0       0x14 Stm32_F103C6_Drivers/USART/Stm32_F103C6_USART_driver.o
                0x00000000080012b0                USART1_IRQHandler
 .text.USART2_IRQHandler
                0x00000000080012c4       0x14 Stm32_F103C6_Drivers/USART/Stm32_F103C6_USART_driver.o
                0x00000000080012c4                USART2_IRQHandler
 .text.USART3_IRQHandler
                0x00000000080012d8       0x14 Stm32_F103C6_Drivers/USART/Stm32_F103C6_USART_driver.o
                0x00000000080012d8                USART3_IRQHandler
 .text.__libc_init_array
                0x00000000080012ec       0x48 c:/st/stm32cubeide_1.4.0/stm32cubeide/plugins/com.st.stm32cube.ide.mcu.externaltools.gnu-tools-for-stm32.7-2018-q2-update.win32_1.4.0.202007081208/tools/bin/../lib/gcc/arm-none-eabi/7.3.1/../../../../arm-none-eabi/lib/thumb/v7-m\libc_nano.a(lib_a-init.o)
                0x00000000080012ec                __libc_init_array
 *(.glue_7)
 .glue_7        0x0000000008001334        0x0 linker stubs
 *(.glue_7t)
 .glue_7t       0x0000000008001334        0x0 linker stubs
 *(.eh_frame)
 .eh_frame      0x0000000008001334        0x0 c:/st/stm32cubeide_1.4.0/stm32cubeide/plugins/com.st.stm32cube.ide.mcu.externaltools.gnu-tools-for-stm32.7-2018-q2-update.win32_1.4.0.202007081208/tools/bin/../lib/gcc/arm-none-eabi/7.3.1/thumb/v7-m/crtbegin.o
 *(.init)
 .init          0x0000000008001334        0x4 c:/st/stm32cubeide_1.4.0/stm32cubeide/plugins/com.st.stm32cube.ide.mcu.externaltools.gnu-tools-for-stm32.7-2018-q2-update.win32_1.4.0.202007081208/tools/bin/../lib/gcc/arm-none-eabi/7.3.1/thumb/v7-m/crti.o
                0x0000000008001334                _init
 .init          0x0000000008001338        0x8 c:/st/stm32cubeide_1.4.0/stm32cubeide/plugins/com.st.stm32cube.ide.mcu.externaltools.gnu-tools-for-stm32.7-2018-q2-update.win32_1.4.0.202007081208/tools/bin/../lib/gcc/arm-none-eabi/7.3.1/thumb/v7-m/crtn.o
 *(.fini)
 .fini          0x0000000008001340        0x4 c:/st/stm32cubeide_1.4.0/stm32cubeide/plugins/com.st.stm32cube.ide.mcu.externaltools.gnu-tools-for-stm32.7-2018-q2-update.win32_1.4.0.202007081208/tools/bin/../lib/gcc/arm-none-eabi/7.3.1/thumb/v7-m/crti.o
                0x0000000008001340                _fini
 .fini          0x0000000008001344        0x8 c:/st/stm32cubeide_1.4.0/stm32cubeide/plugins/com.st.stm32cube.ide.mcu.externaltools.gnu-tools-for-stm32.7-2018-q2-update.win32_1.4.0.202007081208/tools/bin/../lib/gcc/arm-none-eabi/7.3.1/thumb/v7-m/crtn.o
                0x000000000800134c                . = ALIGN (0x4)
                0x000000000800134c                _etext = .

.vfp11_veneer   0x000000000800134c        0x0
 .vfp11_veneer  0x000000000800134c        0x0 linker stubs

.v4_bx          0x000000000800134c        0x0
 .v4_bx         0x000000000800134c        0x0 linker stubs

.iplt           0x000000000800134c        0x0
 .iplt          0x000000000800134c        0x0 c:/st/stm32cubeide_1.4.0/stm32cubeide/plugins/com.st.stm32cube.ide.mcu.externaltools.gnu-tools-for-stm32.7-2018-q2-update.win32_1.4.0.202007081208/tools/bin/../lib/gcc/arm-none-eabi/7.3.1/thumb/v7-m/crtbegin.o

.rodata         0x000000000800134c       0x3c
                0x000000000800134c                . = ALIGN (0x4)
 *(.rodata)
 .rodata        0x000000000800134c        0x9 RTOS/Scheduler.o
 *fill*         0x0000000008001355        0x3 
 .rodata        0x0000000008001358       0x2e Src/main.o
 *(.rodata*)
                0x0000000008001388                . = ALIGN (0x4)
 *fill*         0x0000000008001386        0x2 

.rel.dyn        0x0000000008001388        0x0
 .rel.iplt      0x0000000008001388        0x0 c:/st/stm32cubeide_1.4.0/stm32cubeide/plugins/com.st.stm32cube.ide.mcu.externaltools.gnu-tools-for-stm32.7-2018-q2-update.win32_1.4.0.202007081208/tools/bin/../lib/gcc/arm-none-eabi/7.3.1/thumb/v7-m/crtbegin.o

.ARM.extab      0x0000000008001388        0x0
                0x0000000008001388                . = ALIGN (0x4)
 *(.ARM.extab* .gnu.linkonce.armextab.*)
                0x0000000008001388                . = ALIGN (0x4)

.ARM            0x0000000008001388        0x0
                0x0000000008001388                . = ALIGN (0x4)
                0x0000000008001388                __exidx_start = .
 *(.ARM.exidx*)
                0x0000000008001388                __exidx_end = .
                0x0000000008001388                . = ALIGN (0x4)

.preinit_array  0x0000000008001388        0x0
                0x0000000008001388                . = ALIGN (0x4)
                0x0000000008001388                PROVIDE (__preinit_array_start = .)
 *(.preinit_array*)
                0x0000000008001388                PROVIDE (__preinit_array_end = .)
                0x0000000008001388                . = ALIGN (0x4)

.init_array     0x0000000008001388        0x4
                0x0000000008001388                . = ALIGN (0x4)
                0x0000000008001388                PROVIDE (__init_array_start = .)
 *(SORT_BY_NAME(.init_array.*))
 *(.init_array*)
 .init_array    0x0000000008001388        0x4 c:/st/stm32cubeide_1.4.0/stm32cubeide/plugins/com.st.stm32cube.ide.mcu.externaltools.gnu-tools-for-stm32.7-2018-q2-update.win32_1.4.0.202007081208/tools/bin/../lib/gcc/arm-none-eabi/7.3.1/thumb/v7-m/crtbegin.o
                0x000000000800138c                PROVIDE (__init_array_end = .)
                0x000000000800138c                . = ALIGN (0x4)

.fini_array     0x000000000800138c        0x4
                0x000000000800138c                . = ALIGN (0x4)
                [!provide]                        PROVIDE (__fini_array_start = .)
 *(SORT_BY_NAME(.fini_array.*))
 *(.fini_array*)
 .fini_array    0x000000000800138c        0x4 c:/st/stm32cubeide_1.4.0/stm32cubeide/plugins/com.st.stm32cube.ide.mcu.externaltools.gnu-tools-for-stm32.7-2018-q2-update.win32_1.4.0.202007081208/tools/bin/../lib/gcc/arm-none-eabi/7.3.1/thumb/v7-m/crtbegin.o
                [!provide]                        PROVIDE (__fini_array_end = .)
                0x0000000008001390                . = ALIGN (0x4)
                0x0000000008001390                _sidata = LOADADDR (.data)

.data           0x0000000020000000        0x0 load address 0x0000000008001390
                0x0000000020000000                . = ALIGN (0x4)
                0x0000000020000000                _sdata = .
 *(.data)
 *(.data*)
                0x0000000020000000                . = ALIGN (0x4)
                0x0000000020000000                _edata = .

.igot.plt       0x0000000020000000        0x0 load address 0x0000000008001390
 .igot.plt      0x0000000020000000        0x0 c:/st/stm32cubeide_1.4.0/stm32cubeide/plugins/com.st.stm32cube.ide.mcu.externaltools.gnu-tools-for-stm32.7-2018-q2-update.win32_1.4.0.202007081208/tools/bin/../lib/gcc/arm-none-eabi/7.3.1/thumb/v7-m/crtbegin.o
                0x0000000020000000                . = ALIGN (0x4)

.bss            0x0000000020000000      0x630 load address 0x0000000008001390
                0x0000000020000000                _sbss = .
                0x0000000020000000                __bss_start__ = _sbss
 *(.bss)
 .bss           0x0000000020000000       0x1c c:/st/stm32cubeide_1.4.0/stm32cubeide/plugins/com.st.stm32cube.ide.mcu.externaltools.gnu-tools-for-stm32.7-2018-q2-update.win32_1.4.0.202007081208/tools/bin/../lib/gcc/arm-none-eabi/7.3.1/thumb/v7-m/crtbegin.o
 *(.bss*)
 .bss.count.5767
                0x000000002000001c        0x4 Src/main.o
 .bss.count.5771
                0x0000000020000020        0x4 Src/main.o
 .bss.count.5775
                0x0000000020000024        0x4 Src/main.o
 .bss.count.5779
                0x0000000020000028        0x4 Src/main.o
 .bss.Global_SPI_Config
                0x000000002000002c        0x8 Stm32_F103C6_Drivers/SPI/Stm32_F103C6_SPI_driver.o
                0x000000002000002c                Global_SPI_Config
 .bss.Global_UART_config
                0x0000000020000034        0x4 Stm32_F103C6_Drivers/USART/Stm32_F103C6_USART_driver.o
                0x0000000020000034                Global_UART_config
 *(COMMON)
 COMMON         0x0000000020000038        0x1 RTOS/CortexMX_OS_porting.o
                0x0000000020000038                SysTickLed
 *fill*         0x0000000020000039        0x3 
 COMMON         0x000000002000003c      0x460 RTOS/Scheduler.o
                0x000000002000003c                re_evaluatedPriority
                0x0000000020000040                OS_Control
                0x00000000200001ec                AquiredTasks
                0x00000000200002b4                Ready_QUEUE
                0x00000000200002c8                IdleTaskLed
                0x00000000200002cc                RTOS_IdleTask
                0x000000002000030c                Ready_QUEUE_FIFO
 COMMON         0x000000002000049c      0x155 Src/main.o
                0x000000002000049c                T2
                0x00000000200004dc                Mutex1
                0x0000000020000504                T4
                0x0000000020000544                T3_Led
                0x0000000020000545                T2_Led
                0x0000000020000546                T1_Led
                0x0000000020000548                T3
                0x0000000020000588                T1
                0x00000000200005c8                Mutex2
                0x00000000200005f0                T4_Led
 *fill*         0x00000000200005f1        0x3 
 COMMON         0x00000000200005f4       0x3c Stm32_F103C6_Drivers/EXTI/Stm32_F103C6_EXTI_driver.o
                0x00000000200005f4                GP_IRQ_CALLBACK
                0x0000000020000630                . = ALIGN (0x4)
                0x0000000020000630                _ebss = .
                0x0000000020000630                __bss_end__ = _ebss

._user_heap_stack
                0x0000000020000630      0x600 load address 0x0000000008001390
                0x0000000020000630                . = ALIGN (0x8)
                [!provide]                        PROVIDE (end = .)
                0x0000000020000630                PROVIDE (_end = .)
                0x0000000020000830                . = (. + _Min_Heap_Size)
 *fill*         0x0000000020000630      0x200 
                0x0000000020000c30                . = (. + _Min_Stack_Size)
 *fill*         0x0000000020000830      0x400 
                0x0000000020000c30                . = ALIGN (0x8)
                0x0000000020000c30                _eheap = .

/DISCARD/
 libc.a(*)
 libm.a(*)
 libgcc.a(*)

.ARM.attributes
                0x0000000000000000       0x29
 *(.ARM.attributes)
 .ARM.attributes
                0x0000000000000000       0x1d c:/st/stm32cubeide_1.4.0/stm32cubeide/plugins/com.st.stm32cube.ide.mcu.externaltools.gnu-tools-for-stm32.7-2018-q2-update.win32_1.4.0.202007081208/tools/bin/../lib/gcc/arm-none-eabi/7.3.1/thumb/v7-m/crti.o
 .ARM.attributes
                0x000000000000001d       0x2d c:/st/stm32cubeide_1.4.0/stm32cubeide/plugins/com.st.stm32cube.ide.mcu.externaltools.gnu-tools-for-stm32.7-2018-q2-update.win32_1.4.0.202007081208/tools/bin/../lib/gcc/arm-none-eabi/7.3.1/thumb/v7-m/crtbegin.o
 .ARM.attributes
                0x000000000000004a       0x33 RTOS/CortexMX_OS_porting.o
 .ARM.attributes
                0x000000000000007d       0x33 RTOS/MYRTOS_FIFO.o
 .ARM.attributes
                0x00000000000000b0       0x33 RTOS/Scheduler.o
 .ARM.attributes
                0x00000000000000e3       0x33 Src/main.o
 .ARM.attributes
                0x0000000000000116       0x21 Startup/startup_stm32f103c6tx.o
 .ARM.attributes
                0x0000000000000137       0x33 Stm32_F103C6_Drivers/EXTI/Stm32_F103C6_EXTI_driver.o
 .ARM.attributes
                0x000000000000016a       0x33 Stm32_F103C6_Drivers/SPI/Stm32_F103C6_SPI_driver.o
 .ARM.attributes
                0x000000000000019d       0x33 Stm32_F103C6_Drivers/USART/Stm32_F103C6_USART_driver.o
 .ARM.attributes
                0x00000000000001d0       0x2d c:/st/stm32cubeide_1.4.0/stm32cubeide/plugins/com.st.stm32cube.ide.mcu.externaltools.gnu-tools-for-stm32.7-2018-q2-update.win32_1.4.0.202007081208/tools/bin/../lib/gcc/arm-none-eabi/7.3.1/../../../../arm-none-eabi/lib/thumb/v7-m\libc_nano.a(lib_a-init.o)
 .ARM.attributes
                0x00000000000001fd       0x1b c:/st/stm32cubeide_1.4.0/stm32cubeide/plugins/com.st.stm32cube.ide.mcu.externaltools.gnu-tools-for-stm32.7-2018-q2-update.win32_1.4.0.202007081208/tools/bin/../lib/gcc/arm-none-eabi/7.3.1/../../../../arm-none-eabi/lib/thumb/v7-m\libc_nano.a(lib_a-strcmp.o)
 .ARM.attributes
                0x0000000000000218       0x1d c:/st/stm32cubeide_1.4.0/stm32cubeide/plugins/com.st.stm32cube.ide.mcu.externaltools.gnu-tools-for-stm32.7-2018-q2-update.win32_1.4.0.202007081208/tools/bin/../lib/gcc/arm-none-eabi/7.3.1/thumb/v7-m/crtn.o
OUTPUT(Drivers.axf elf32-littlearm)

.debug_info     0x0000000000000000     0x5d3f
 .debug_info    0x0000000000000000      0x642 RTOS/CortexMX_OS_porting.o
 .debug_info    0x0000000000000642      0xca8 RTOS/MYRTOS_FIFO.o
 .debug_info    0x00000000000012ea     0x11f6 RTOS/Scheduler.o
 .debug_info    0x00000000000024e0      0xd63 Src/main.o
 .debug_info    0x0000000000003243       0x22 Startup/startup_stm32f103c6tx.o
 .debug_info    0x0000000000003265      0xdbb Stm32_F103C6_Drivers/EXTI/Stm32_F103C6_EXTI_driver.o
 .debug_info    0x0000000000004020      0xecd Stm32_F103C6_Drivers/SPI/Stm32_F103C6_SPI_driver.o
 .debug_info    0x0000000000004eed      0xe52 Stm32_F103C6_Drivers/USART/Stm32_F103C6_USART_driver.o

.debug_abbrev   0x0000000000000000      0xf58
 .debug_abbrev  0x0000000000000000      0x1c4 RTOS/CortexMX_OS_porting.o
 .debug_abbrev  0x00000000000001c4      0x1cf RTOS/MYRTOS_FIFO.o
 .debug_abbrev  0x0000000000000393      0x371 RTOS/Scheduler.o
 .debug_abbrev  0x0000000000000704      0x1fe Src/main.o
 .debug_abbrev  0x0000000000000902       0x12 Startup/startup_stm32f103c6tx.o
 .debug_abbrev  0x0000000000000914      0x219 Stm32_F103C6_Drivers/EXTI/Stm32_F103C6_EXTI_driver.o
 .debug_abbrev  0x0000000000000b2d      0x217 Stm32_F103C6_Drivers/SPI/Stm32_F103C6_SPI_driver.o
 .debug_abbrev  0x0000000000000d44      0x214 Stm32_F103C6_Drivers/USART/Stm32_F103C6_USART_driver.o

.debug_loc      0x0000000000000000     0x1300
 .debug_loc     0x0000000000000000      0x284 RTOS/CortexMX_OS_porting.o
 .debug_loc     0x0000000000000284      0x1cc RTOS/MYRTOS_FIFO.o
 .debug_loc     0x0000000000000450      0x514 RTOS/Scheduler.o
 .debug_loc     0x0000000000000964       0xdc Src/main.o
 .debug_loc     0x0000000000000a40      0x320 Stm32_F103C6_Drivers/EXTI/Stm32_F103C6_EXTI_driver.o
 .debug_loc     0x0000000000000d60      0x2bc Stm32_F103C6_Drivers/SPI/Stm32_F103C6_SPI_driver.o
 .debug_loc     0x000000000000101c      0x2e4 Stm32_F103C6_Drivers/USART/Stm32_F103C6_USART_driver.o

.debug_aranges  0x0000000000000000      0x300
 .debug_aranges
                0x0000000000000000       0x70 RTOS/CortexMX_OS_porting.o
 .debug_aranges
                0x0000000000000070       0x40 RTOS/MYRTOS_FIFO.o
 .debug_aranges
                0x00000000000000b0       0xa8 RTOS/Scheduler.o
 .debug_aranges
                0x0000000000000158       0x40 Src/main.o
 .debug_aranges
                0x0000000000000198       0x28 Startup/startup_stm32f103c6tx.o
 .debug_aranges
                0x00000000000001c0       0x80 Stm32_F103C6_Drivers/EXTI/Stm32_F103C6_EXTI_driver.o
 .debug_aranges
                0x0000000000000240       0x58 Stm32_F103C6_Drivers/SPI/Stm32_F103C6_SPI_driver.o
 .debug_aranges
                0x0000000000000298       0x68 Stm32_F103C6_Drivers/USART/Stm32_F103C6_USART_driver.o

.debug_ranges   0x0000000000000000      0x2a0
 .debug_ranges  0x0000000000000000       0x60 RTOS/CortexMX_OS_porting.o
 .debug_ranges  0x0000000000000060       0x30 RTOS/MYRTOS_FIFO.o
 .debug_ranges  0x0000000000000090       0xb0 RTOS/Scheduler.o
 .debug_ranges  0x0000000000000140       0x30 Src/main.o
 .debug_ranges  0x0000000000000170       0x20 Startup/startup_stm32f103c6tx.o
 .debug_ranges  0x0000000000000190       0x70 Stm32_F103C6_Drivers/EXTI/Stm32_F103C6_EXTI_driver.o
 .debug_ranges  0x0000000000000200       0x48 Stm32_F103C6_Drivers/SPI/Stm32_F103C6_SPI_driver.o
 .debug_ranges  0x0000000000000248       0x58 Stm32_F103C6_Drivers/USART/Stm32_F103C6_USART_driver.o

.debug_macro    0x0000000000000000     0x2e72
 .debug_macro   0x0000000000000000       0xce RTOS/CortexMX_OS_porting.o
 .debug_macro   0x00000000000000ce       0x28 RTOS/CortexMX_OS_porting.o
 .debug_macro   0x00000000000000f6       0x8e RTOS/CortexMX_OS_porting.o
 .debug_macro   0x0000000000000184       0x51 RTOS/CortexMX_OS_porting.o
 .debug_macro   0x00000000000001d5       0x1c RTOS/CortexMX_OS_porting.o
 .debug_macro   0x00000000000001f1       0x22 RTOS/CortexMX_OS_porting.o
 .debug_macro   0x0000000000000213       0xf1 RTOS/CortexMX_OS_porting.o
 .debug_macro   0x0000000000000304      0xe74 RTOS/CortexMX_OS_porting.o
 .debug_macro   0x0000000000001178      0x11f RTOS/CortexMX_OS_porting.o
 .debug_macro   0x0000000000001297       0x2e RTOS/CortexMX_OS_porting.o
 .debug_macro   0x00000000000012c5      0x243 RTOS/MYRTOS_FIFO.o
 .debug_macro   0x0000000000001508       0x16 RTOS/MYRTOS_FIFO.o
 .debug_macro   0x000000000000151e       0x97 RTOS/MYRTOS_FIFO.o
 .debug_macro   0x00000000000015b5       0xfd RTOS/MYRTOS_FIFO.o
 .debug_macro   0x00000000000016b2       0x10 RTOS/MYRTOS_FIFO.o
 .debug_macro   0x00000000000016c2       0x10 RTOS/MYRTOS_FIFO.o
 .debug_macro   0x00000000000016d2       0x1c RTOS/MYRTOS_FIFO.o
 .debug_macro   0x00000000000016ee       0x52 RTOS/MYRTOS_FIFO.o
 .debug_macro   0x0000000000001740       0x40 RTOS/MYRTOS_FIFO.o
 .debug_macro   0x0000000000001780       0x10 RTOS/MYRTOS_FIFO.o
 .debug_macro   0x0000000000001790       0x40 RTOS/MYRTOS_FIFO.o
 .debug_macro   0x00000000000017d0       0xd7 RTOS/MYRTOS_FIFO.o
 .debug_macro   0x00000000000018a7       0x1c RTOS/MYRTOS_FIFO.o
 .debug_macro   0x00000000000018c3       0x3d RTOS/MYRTOS_FIFO.o
 .debug_macro   0x0000000000001900       0x16 RTOS/MYRTOS_FIFO.o
 .debug_macro   0x0000000000001916      0x145 RTOS/MYRTOS_FIFO.o
 .debug_macro   0x0000000000001a5b       0xeb RTOS/MYRTOS_FIFO.o
 .debug_macro   0x0000000000001b46      0x253 RTOS/Scheduler.o
 .debug_macro   0x0000000000001d99       0x46 RTOS/Scheduler.o
 .debug_macro   0x0000000000001ddf      0x32a RTOS/Scheduler.o
 .debug_macro   0x0000000000002109      0x223 Src/main.o
 .debug_macro   0x000000000000232c       0xd0 Src/main.o
 .debug_macro   0x00000000000023fc      0x21b Src/main.o
 .debug_macro   0x0000000000002617       0xe2 Src/main.o
 .debug_macro   0x00000000000026f9       0xac Src/main.o
 .debug_macro   0x00000000000027a5       0x40 Src/main.o
 .debug_macro   0x00000000000027e5       0xc4 Src/main.o
 .debug_macro   0x00000000000028a9       0x58 Src/main.o
 .debug_macro   0x0000000000002901       0x10 Src/main.o
 .debug_macro   0x0000000000002911       0x9a Src/main.o
 .debug_macro   0x00000000000029ab      0x152 Stm32_F103C6_Drivers/EXTI/Stm32_F103C6_EXTI_driver.o
 .debug_macro   0x0000000000002afd      0x160 Stm32_F103C6_Drivers/SPI/Stm32_F103C6_SPI_driver.o
 .debug_macro   0x0000000000002c5d       0xbe Stm32_F103C6_Drivers/SPI/Stm32_F103C6_SPI_driver.o
 .debug_macro   0x0000000000002d1b      0x157 Stm32_F103C6_Drivers/USART/Stm32_F103C6_USART_driver.o

.debug_line     0x0000000000000000     0x31bd
 .debug_line    0x0000000000000000      0x52a RTOS/CortexMX_OS_porting.o
 .debug_line    0x000000000000052a      0x6df RTOS/MYRTOS_FIFO.o
 .debug_line    0x0000000000000c09      0x912 RTOS/Scheduler.o
 .debug_line    0x000000000000151b      0x7ab Src/main.o
 .debug_line    0x0000000000001cc6       0x84 Startup/startup_stm32f103c6tx.o
 .debug_line    0x0000000000001d4a      0x72f Stm32_F103C6_Drivers/EXTI/Stm32_F103C6_EXTI_driver.o
 .debug_line    0x0000000000002479      0x697 Stm32_F103C6_Drivers/SPI/Stm32_F103C6_SPI_driver.o
 .debug_line    0x0000000000002b10      0x6ad Stm32_F103C6_Drivers/USART/Stm32_F103C6_USART_driver.o

.debug_str      0x0000000000000000    0x14669
 .debug_str     0x0000000000000000     0xa593 RTOS/CortexMX_OS_porting.o
                                       0xa72e (size before relaxing)
 .debug_str     0x000000000000a593     0x44f7 RTOS/MYRTOS_FIFO.o
                                       0xe9c9 (size before relaxing)
 .debug_str     0x000000000000ea8a      0x38b RTOS/Scheduler.o
                                       0xed5c (size before relaxing)
 .debug_str     0x000000000000ee15     0x5121 Src/main.o
                                      0x12908 (size before relaxing)
 .debug_str     0x0000000000013f36       0x31 Startup/startup_stm32f103c6tx.o
                                         0x52 (size before relaxing)
 .debug_str     0x0000000000013f67      0x2e0 Stm32_F103C6_Drivers/EXTI/Stm32_F103C6_EXTI_driver.o
                                       0xad80 (size before relaxing)
 .debug_str     0x0000000000014247      0x287 Stm32_F103C6_Drivers/SPI/Stm32_F103C6_SPI_driver.o
                                       0x9f7b (size before relaxing)
 .debug_str     0x00000000000144ce      0x19b Stm32_F103C6_Drivers/USART/Stm32_F103C6_USART_driver.o
                                       0xa040 (size before relaxing)

.comment        0x0000000000000000       0x7b
 .comment       0x0000000000000000       0x7b RTOS/CortexMX_OS_porting.o
                                         0x7c (size before relaxing)
 .comment       0x000000000000007b       0x7c RTOS/MYRTOS_FIFO.o
 .comment       0x000000000000007b       0x7c RTOS/Scheduler.o
 .comment       0x000000000000007b       0x7c Src/main.o
 .comment       0x000000000000007b       0x7c Stm32_F103C6_Drivers/EXTI/Stm32_F103C6_EXTI_driver.o
 .comment       0x000000000000007b       0x7c Stm32_F103C6_Drivers/SPI/Stm32_F103C6_SPI_driver.o
 .comment       0x000000000000007b       0x7c Stm32_F103C6_Drivers/USART/Stm32_F103C6_USART_driver.o

.debug_frame    0x0000000000000000      0x9fc
 .debug_frame   0x0000000000000000      0x160 RTOS/CortexMX_OS_porting.o
 .debug_frame   0x0000000000000160       0xd8 RTOS/MYRTOS_FIFO.o
 .debug_frame   0x0000000000000238      0x278 RTOS/Scheduler.o
 .debug_frame   0x00000000000004b0       0x9c Src/main.o
 .debug_frame   0x000000000000054c      0x1b0 Stm32_F103C6_Drivers/EXTI/Stm32_F103C6_EXTI_driver.o
 .debug_frame   0x00000000000006fc      0x144 Stm32_F103C6_Drivers/SPI/Stm32_F103C6_SPI_driver.o
 .debug_frame   0x0000000000000840      0x170 Stm32_F103C6_Drivers/USART/Stm32_F103C6_USART_driver.o
 .debug_frame   0x00000000000009b0       0x2c c:/st/stm32cubeide_1.4.0/stm32cubeide/plugins/com.st.stm32cube.ide.mcu.externaltools.gnu-tools-for-stm32.7-2018-q2-update.win32_1.4.0.202007081208/tools/bin/../lib/gcc/arm-none-eabi/7.3.1/../../../../arm-none-eabi/lib/thumb/v7-m\libc_nano.a(lib_a-init.o)
 .debug_frame   0x00000000000009dc       0x20 c:/st/stm32cubeide_1.4.0/stm32cubeide/plugins/com.st.stm32cube.ide.mcu.externaltools.gnu-tools-for-stm32.7-2018-q2-update.win32_1.4.0.202007081208/tools/bin/../lib/gcc/arm-none-eabi/7.3.1/../../../../arm-none-eabi/lib/thumb/v7-m\libc_nano.a(lib_a-strcmp.o)
