Scheduler.c:35:6:Idle_Task	4	static,ignoring_inline_asm
Scheduler.c:44:14:RTOS_Create_MainStack	16	static
Scheduler.c:57:14:RTOS_init	16	static
Scheduler.c:84:14:RTOS_Create_TaskStack	24	static
Scheduler.c:132:14:RTOS_CreateTask	24	static
Scheduler.c:171:6:BubbleSort_SchedulerTable	24	static
Scheduler.c:189:6:RTOS_Update_SchedulerTable	24	static
Scheduler.c:235:6:Decide_whatNext	8	static
Scheduler.c:260:23:PendSV_Handler	0	static,ignoring_inline_asm
Scheduler.c:366:6:OS_SVC	24	static
Scheduler.c:396:5:OS_SVC_Set	16	static,ignoring_inline_asm
Scheduler.c:413:6:RTOS_ActivateTask	16	static
Scheduler.c:419:6:RTOS_TerminalTask	16	static
Scheduler.c:425:6:RTOS_StartOS	8	static,ignoring_inline_asm
Scheduler.c:441:6:RTOS_TaskWait	16	static
Scheduler.c:449:6:RTOS_Update_TaskWaitingTime	16	static
Scheduler.c:470:14:RTOS_TakeMutex	16	static
Scheduler.c:488:14:RTOS_ReleaseMutex	16	static
