Stm32_F103C6_USART_driver.c:13:6:MCAL_UART_Init	24	static
Stm32_F103C6_USART_driver.c:76:6:MCAL_UART_DeInit	16	static
Stm32_F103C6_USART_driver.c:93:6:MCAL_UART_SendData	24	static
Stm32_F103C6_USART_driver.c:111:6:MCAL_UART_ReceiveData	24	static
Stm32_F103C6_USART_driver.c:146:6:MCAL_UART_TC	16	static
Stm32_F103C6_USART_driver.c:152:6:MCAL_UART_SetPins	24	static
Stm32_F103C6_USART_driver.c:247:6:MCAL_UART_SendString	32	static
Stm32_F103C6_USART_driver.c:258:6:USART1_IRQHandler	8	static
Stm32_F103C6_USART_driver.c:262:6:USART2_IRQHandler	8	static
Stm32_F103C6_USART_driver.c:266:6:USART3_IRQHandler	8	static
