Scheduler.c:35:6:Idle_Task	4	static,ignoring_inline_asm
Scheduler.c:48:14:RTOS_Create_MainStack	16	static
Scheduler.c:61:14:RTOS_init	16	static
Scheduler.c:93:14:RTOS_Create_TaskStack	24	static
Scheduler.c:145:14:RTOS_CreateTask	24	static
Scheduler.c:184:6:BubbleSort_SchedulerTable	24	static
Scheduler.c:202:6:RTOS_Update_SchedulerTable	24	static
Scheduler.c:263:6:Decide_whatNext	8	static
Scheduler.c:298:23:PendSV_Handler	0	static,ignoring_inline_asm
Scheduler.c:426:6:OS_SVC	24	static
Scheduler.c:461:5:OS_SVC_Set	16	static,ignoring_inline_asm
Scheduler.c:478:6:RTOS_ActivateTask	16	static
Scheduler.c:484:6:RTOS_TerminalTask	16	static
Scheduler.c:490:6:RTOS_StartOS	8	static,ignoring_inline_asm
Scheduler.c:509:6:RTOS_TaskWait	16	static
Scheduler.c:517:6:RTOS_Update_TaskWaitingTime	16	static
Scheduler.c:538:14:RTOS_TakeMutex	16	static
Scheduler.c:556:14:RTOS_ReleaseMutex	16	static
