Archive member included to satisfy reference by file (symbol)

c:/st/stm32cubeide_1.4.0/stm32cubeide/plugins/com.st.stm32cube.ide.mcu.externaltools.gnu-tools-for-stm32.7-2018-q2-update.win32_1.4.0.202007081208/tools/bin/../lib/gcc/arm-none-eabi/7.3.1/../../../../arm-none-eabi/lib/thumb/v7-m\libc_nano.a(lib_a-errno.o)
                              Src/syscalls.o (__errno)
c:/st/stm32cubeide_1.4.0/stm32cubeide/plugins/com.st.stm32cube.ide.mcu.externaltools.gnu-tools-for-stm32.7-2018-q2-update.win32_1.4.0.202007081208/tools/bin/../lib/gcc/arm-none-eabi/7.3.1/../../../../arm-none-eabi/lib/thumb/v7-m\libc_nano.a(lib_a-exit.o)
                              c:/st/stm32cubeide_1.4.0/stm32cubeide/plugins/com.st.stm32cube.ide.mcu.externaltools.gnu-tools-for-stm32.7-2018-q2-update.win32_1.4.0.202007081208/tools/bin/../lib/gcc/arm-none-eabi/7.3.1/../../../../arm-none-eabi/lib/thumb/v7-m/crt0.o (exit)
c:/st/stm32cubeide_1.4.0/stm32cubeide/plugins/com.st.stm32cube.ide.mcu.externaltools.gnu-tools-for-stm32.7-2018-q2-update.win32_1.4.0.202007081208/tools/bin/../lib/gcc/arm-none-eabi/7.3.1/../../../../arm-none-eabi/lib/thumb/v7-m\libc_nano.a(lib_a-impure.o)
                              c:/st/stm32cubeide_1.4.0/stm32cubeide/plugins/com.st.stm32cube.ide.mcu.externaltools.gnu-tools-for-stm32.7-2018-q2-update.win32_1.4.0.202007081208/tools/bin/../lib/gcc/arm-none-eabi/7.3.1/../../../../arm-none-eabi/lib/thumb/v7-m\libc_nano.a(lib_a-exit.o) (_global_impure_ptr)
c:/st/stm32cubeide_1.4.0/stm32cubeide/plugins/com.st.stm32cube.ide.mcu.externaltools.gnu-tools-for-stm32.7-2018-q2-update.win32_1.4.0.202007081208/tools/bin/../lib/gcc/arm-none-eabi/7.3.1/../../../../arm-none-eabi/lib/thumb/v7-m\libc_nano.a(lib_a-init.o)
                              c:/st/stm32cubeide_1.4.0/stm32cubeide/plugins/com.st.stm32cube.ide.mcu.externaltools.gnu-tools-for-stm32.7-2018-q2-update.win32_1.4.0.202007081208/tools/bin/../lib/gcc/arm-none-eabi/7.3.1/../../../../arm-none-eabi/lib/thumb/v7-m/crt0.o (__libc_init_array)
c:/st/stm32cubeide_1.4.0/stm32cubeide/plugins/com.st.stm32cube.ide.mcu.externaltools.gnu-tools-for-stm32.7-2018-q2-update.win32_1.4.0.202007081208/tools/bin/../lib/gcc/arm-none-eabi/7.3.1/../../../../arm-none-eabi/lib/thumb/v7-m\libc_nano.a(lib_a-memset.o)
                              c:/st/stm32cubeide_1.4.0/stm32cubeide/plugins/com.st.stm32cube.ide.mcu.externaltools.gnu-tools-for-stm32.7-2018-q2-update.win32_1.4.0.202007081208/tools/bin/../lib/gcc/arm-none-eabi/7.3.1/../../../../arm-none-eabi/lib/thumb/v7-m/crt0.o (memset)
c:/st/stm32cubeide_1.4.0/stm32cubeide/plugins/com.st.stm32cube.ide.mcu.externaltools.gnu-tools-for-stm32.7-2018-q2-update.win32_1.4.0.202007081208/tools/bin/../lib/gcc/arm-none-eabi/7.3.1/../../../../arm-none-eabi/lib/thumb/v7-m\libc_nano.a(lib_a-strcmp.o)
                              RTOS/Scheduler.o (strcmp)

Allocating common symbols
Common symbol       size              file

T2                  0x40              Src/main.o
SysTickLed          0x1               RTOS/CortexMX_OS_porting.o
T4                  0x40              Src/main.o
T3_Led              0x1               Src/main.o
OS_Control          0x1ac             RTOS/Scheduler.o
GP_IRQ_CALLBACK     0x3c              Stm32_F103C6_Drivers/EXTI/Stm32_F103C6_EXTI_driver.o
T2_Led              0x1               Src/main.o
T1_Led              0x1               Src/main.o
T3                  0x40              Src/main.o
Ready_QUEUE         0x14              RTOS/Scheduler.o
T1                  0x40              Src/main.o
PinCfg              0x4               Stm32_F103C6_Drivers/KEYPAD_DRIVER/keypad_driver.o
T4_Led              0x1               Src/main.o
IdleTaskLed         0x1               RTOS/Scheduler.o
RTOS_IdleTask       0x40              RTOS/Scheduler.o
Ready_QUEUE_FIFO    0x190             RTOS/Scheduler.o

Discarded input sections

 .text          0x0000000000000000        0x0 c:/st/stm32cubeide_1.4.0/stm32cubeide/plugins/com.st.stm32cube.ide.mcu.externaltools.gnu-tools-for-stm32.7-2018-q2-update.win32_1.4.0.202007081208/tools/bin/../lib/gcc/arm-none-eabi/7.3.1/thumb/v7-m/crti.o
 .data          0x0000000000000000        0x0 c:/st/stm32cubeide_1.4.0/stm32cubeide/plugins/com.st.stm32cube.ide.mcu.externaltools.gnu-tools-for-stm32.7-2018-q2-update.win32_1.4.0.202007081208/tools/bin/../lib/gcc/arm-none-eabi/7.3.1/thumb/v7-m/crti.o
 .bss           0x0000000000000000        0x0 c:/st/stm32cubeide_1.4.0/stm32cubeide/plugins/com.st.stm32cube.ide.mcu.externaltools.gnu-tools-for-stm32.7-2018-q2-update.win32_1.4.0.202007081208/tools/bin/../lib/gcc/arm-none-eabi/7.3.1/thumb/v7-m/crti.o
 .data          0x0000000000000000        0x4 c:/st/stm32cubeide_1.4.0/stm32cubeide/plugins/com.st.stm32cube.ide.mcu.externaltools.gnu-tools-for-stm32.7-2018-q2-update.win32_1.4.0.202007081208/tools/bin/../lib/gcc/arm-none-eabi/7.3.1/thumb/v7-m/crtbegin.o
[...]
Memory Configuration

Name             Origin             Length             Attributes
RAM              0x0000000020000000 0x0000000000002800 xrw
ROM              0x0000000008000000 0x0000000000008000 xr
*default*        0x0000000000000000 0xffffffffffffffff

Linker script and memory map

LOAD c:/st/stm32cubeide_1.4.0/stm32cubeide/plugins/com.st.stm32cube.ide.mcu.externaltools.gnu-tools-for-stm32.7-2018-q2-update.win32_1.4.0.202007081208/tools/bin/../lib/gcc/arm-none-eabi/7.3.1/thumb/v7-m/crti.o
LOAD c:/st/stm32cubeide_1.4.0/stm32cubeide/plugins/com.st.stm32cube.ide.mcu.externaltools.gnu-tools-for-stm32.7-2018-q2-update.win32_1.4.0.202007081208/tools/bin/../lib/gcc/arm-none-eabi/7.3.1/thumb/v7-m/crtbegin.o
LOAD c:/st/stm32cubeide_1.4.0/stm32cubeide/plugins/com.st.stm32cube.ide.mcu.externaltools.gnu-tools-for-stm32.7-2018-q2-update.win32_1.4.0.202007081208/tools/bin/../lib/gcc/arm-none-eabi/7.3.1/../../../../arm-none-eabi/lib/thumb/v7-m/crt0.o
LOAD HAL/I2C_Slave_EEPROM.o
LOAD RTOS/CortexMX_OS_porting.o
LOAD RTOS/MYRTOS_FIFO.o
LOAD RTOS/Scheduler.o
LOAD Src/main.o
LOAD Src/syscalls.o
LOAD Src/sysmem.o
LOAD Startup/startup_stm32f103c6tx.o
LOAD Stm32_F103C6_Drivers/EXTI/Stm32_F103C6_EXTI_driver.o
LOAD Stm32_F103C6_Drivers/GPIO/Stm32_F103C6_gpio_driver.o
LOAD Stm32_F103C6_Drivers/I2C/Stm32_F103C6_I2C_driver.o
LOAD Stm32_F103C6_Drivers/KEYPAD_DRIVER/keypad_driver.o
LOAD Stm32_F103C6_Drivers/LCD_DRIVER/lcd_driver.o
LOAD Stm32_F103C6_Drivers/RCC/Stm32_F103C6_RCC_driver.o
LOAD Stm32_F103C6_Drivers/SPI/Stm32_F103C6_SPI_driver.o
LOAD Stm32_F103C6_Drivers/TIM/TIM.o
LOAD Stm32_F103C6_Drivers/USART/Stm32_F103C6_USART_driver.o
START GROUP
LOAD c:/st/stm32cubeide_1.4.0/stm32cubeide/plugins/com.st.stm32cube.ide.mcu.externaltools.gnu-tools-for-stm32.7-2018-q2-update.win32_1.4.0.202007081208/tools/bin/../lib/gcc/arm-none-eabi/7.3.1/../../../../arm-none-eabi/lib/thumb/v7-m\libc_nano.a
LOAD c:/st/stm32cubeide_1.4.0/stm32cubeide/plugins/com.st.stm32cube.ide.mcu.externaltools.gnu-tools-for-stm32.7-2018-q2-update.win32_1.4.0.202007081208/tools/bin/../lib/gcc/arm-none-eabi/7.3.1/../../../../arm-none-eabi/lib/thumb/v7-m\libm.a
END GROUP
START GROUP
LOAD c:/st/stm32cubeide_1.4.0/stm32cubeide/plugins/com.st.stm32cube.ide.mcu.externaltools.gnu-tools-for-stm32.7-2018-q2-update.win32_1.4.0.202007081208/tools/bin/../lib/gcc/arm-none-eabi/7.3.1/thumb/v7-m\libgcc.a
LOAD c:/st/stm32cubeide_1.4.0/stm32cubeide/plugins/com.st.stm32cube.ide.mcu.externaltools.gnu-tools-for-stm32.7-2018-q2-update.win32_1.4.0.202007081208/tools/bin/../lib/gcc/arm-none-eabi/7.3.1/../../../../arm-none-eabi/lib/thumb/v7-m\libg_nano.a
LOAD c:/st/stm32cubeide_1.4.0/stm32cubeide/plugins/com.st.stm32cube.ide.mcu.externaltools.gnu-tools-for-stm32.7-2018-q2-update.win32_1.4.0.202007081208/tools/bin/../lib/gcc/arm-none-eabi/7.3.1/../../../../arm-none-eabi/lib/thumb/v7-m\libc_nano.a
END GROUP
START GROUP
LOAD c:/st/stm32cubeide_1.4.0/stm32cubeide/plugins/com.st.stm32cube.ide.mcu.externaltools.gnu-tools-for-stm32.7-2018-q2-update.win32_1.4.0.202007081208/tools/bin/../lib/gcc/arm-none-eabi/7.3.1/thumb/v7-m\libgcc.a
LOAD c:/st/stm32cubeide_1.4.0/stm32cubeide/plugins/com.st.stm32cube.ide.mcu.externaltools.gnu-tools-for-stm32.7-2018-q2-update.win32_1.4.0.202007081208/tools/bin/../lib/gcc/arm-none-eabi/7.3.1/../../../../arm-none-eabi/lib/thumb/v7-m\libc_nano.a
LOAD c:/st/stm32cubeide_1.4.0/stm32cubeide/plugins/com.st.stm32cube.ide.mcu.externaltools.gnu-tools-for-stm32.7-2018-q2-update.win32_1.4.0.202007081208/tools/bin/../lib/gcc/arm-none-eabi/7.3.1/../../../../arm-none-eabi/lib/thumb/v7-m\libnosys.a
END GROUP
START GROUP
LOAD c:/st/stm32cubeide_1.4.0/stm32cubeide/plugins/com.st.stm32cube.ide.mcu.externaltools.gnu-tools-for-stm32.7-2018-q2-update.win32_1.4.0.202007081208/tools/bin/../lib/gcc/arm-none-eabi/7.3.1/thumb/v7-m\libgcc.a
LOAD c:/st/stm32cubeide_1.4.0/stm32cubeide/plugins/com.st.stm32cube.ide.mcu.externaltools.gnu-tools-for-stm32.7-2018-q2-update.win32_1.4.0.202007081208/tools/bin/../lib/gcc/arm-none-eabi/7.3.1/../../../../arm-none-eabi/lib/thumb/v7-m\libc_nano.a
LOAD c:/st/stm32cubeide_1.4.0/stm32cubeide/plugins/com.st.stm32cube.ide.mcu.externaltools.gnu-tools-for-stm32.7-2018-q2-update.win32_1.4.0.202007081208/tools/bin/../lib/gcc/arm-none-eabi/7.3.1/../../../../arm-none-eabi/lib/thumb/v7-m\libnosys.a
END GROUP
LOAD c:/st/stm32cubeide_1.4.0/stm32cubeide/plugins/com.st.stm32cube.ide.mcu.externaltools.gnu-tools-for-stm32.7-2018-q2-update.win32_1.4.0.202007081208/tools/bin/../lib/gcc/arm-none-eabi/7.3.1/thumb/v7-m/crtend.o
LOAD c:/st/stm32cubeide_1.4.0/stm32cubeide/plugins/com.st.stm32cube.ide.mcu.externaltools.gnu-tools-for-stm32.7-2018-q2-update.win32_1.4.0.202007081208/tools/bin/../lib/gcc/arm-none-eabi/7.3.1/thumb/v7-m/crtn.o
                0x0000000020002800                _estack = (ORIGIN (RAM) + LENGTH (RAM))
                0x0000000000000200                _Min_Heap_Size = 0x200
                0x0000000000000400                _Min_Stack_Size = 0x400

.isr_vector     0x0000000008000000      0x130
                0x0000000008000000                . = ALIGN (0x4)
 *(.isr_vector)
 .isr_vector    0x0000000008000000      0x130 Startup/startup_stm32f103c6tx.o
                0x0000000008000000                g_pfnVectors
                0x0000000008000130                . = ALIGN (0x4)

.text           0x0000000008000130      0xf44
                0x0000000008000130                . = ALIGN (0x4)
 *(.text)
 .text          0x0000000008000130       0x40 c:/st/stm32cubeide_1.4.0/stm32cubeide/plugins/com.st.stm32cube.ide.mcu.externaltools.gnu-tools-for-stm32.7-2018-q2-update.win32_1.4.0.202007081208/tools/bin/../lib/gcc/arm-none-eabi/7.3.1/thumb/v7-m/crtbegin.o
 .text          0x0000000008000170       0x14 c:/st/stm32cubeide_1.4.0/stm32cubeide/plugins/com.st.stm32cube.ide.mcu.externaltools.gnu-tools-for-stm32.7-2018-q2-update.win32_1.4.0.202007081208/tools/bin/../lib/gcc/arm-none-eabi/7.3.1/../../../../arm-none-eabi/lib/thumb/v7-m\libc_nano.a(lib_a-strcmp.o)
                0x0000000008000170                strcmp
 *(.text*)
 .text.__NVIC_SetPriority
                0x0000000008000184       0x54 RTOS/CortexMX_OS_porting.o
 .text.SysTick_Config
                0x00000000080001d8       0x44 RTOS/CortexMX_OS_porting.o
 .text.HardFault_Handler
                0x000000000800021c        0xc RTOS/CortexMX_OS_porting.o
                0x000000000800021c                HardFault_Handler
 .text.MemManage_Handler
                0x0000000008000228        0xc RTOS/CortexMX_OS_porting.o
                0x0000000008000228                MemManage_Handler
 .text.BusFault_Handler
                0x0000000008000234        0xc RTOS/CortexMX_OS_porting.o
                0x0000000008000234                BusFault_Handler
 .text.UsageFault_Handler
                0x0000000008000240        0xc RTOS/CortexMX_OS_porting.o
                0x0000000008000240                UsageFault_Handler
 .text.trigger_OS_PendSV
                0x000000000800024c       0x1c RTOS/CortexMX_OS_porting.o
                0x000000000800024c                trigger_OS_PendSV
 .text.SysTick_Handler
                0x0000000008000268       0x28 RTOS/CortexMX_OS_porting.o
                0x0000000008000268                SysTick_Handler
 .text.SVC_Handler
                0x0000000008000290       0x14 RTOS/CortexMX_OS_porting.o
                0x0000000008000290                SVC_Handler
 .text.Hardware_init
                0x00000000080002a4       0x12 RTOS/CortexMX_OS_porting.o
                0x00000000080002a4                Hardware_init
 .text.Start_Systick
                0x00000000080002b6       0x10 RTOS/CortexMX_OS_porting.o
                0x00000000080002b6                Start_Systick
 .text.FIFO_init
                0x00000000080002c6       0x44 RTOS/MYRTOS_FIFO.o
                0x00000000080002c6                FIFO_init
 .text.FIFO_enqueue
                0x000000000800030a       0x84 RTOS/MYRTOS_FIFO.o
                0x000000000800030a                FIFO_enqueue
 .text.FIFO_dequeue
                0x000000000800038e       0x7a RTOS/MYRTOS_FIFO.o
                0x000000000800038e                FIFO_dequeue
 .text.Idle_Task
                0x0000000008000408       0x1c RTOS/Scheduler.o
                0x0000000008000408                Idle_Task
 .text.RTOS_Create_MainStack
                0x0000000008000424       0x44 RTOS/Scheduler.o
                0x0000000008000424                RTOS_Create_MainStack
 .text.RTOS_init
                0x0000000008000468       0x84 RTOS/Scheduler.o
                0x0000000008000468                RTOS_init
 .text.RTOS_Create_TaskStack
                0x00000000080004ec       0x82 RTOS/Scheduler.o
                0x00000000080004ec                RTOS_Create_TaskStack
 *fill*         0x000000000800056e        0x2 
 .text.RTOS_CreateTask
                0x0000000008000570       0x6c RTOS/Scheduler.o
                0x0000000008000570                RTOS_CreateTask
 .text.BubbleSort_SchedulerTable
                0x00000000080005dc       0x90 RTOS/Scheduler.o
                0x00000000080005dc                BubbleSort_SchedulerTable
 .text.RTOS_Update_SchedulerTable
                0x000000000800066c       0xb8 RTOS/Scheduler.o
                0x000000000800066c                RTOS_Update_SchedulerTable
 .text.Decide_whatNext
                0x0000000008000724       0x90 RTOS/Scheduler.o
                0x0000000008000724                Decide_whatNext
 .text.PendSV_Handler
                0x00000000080007b4      0x1e4 RTOS/Scheduler.o
                0x00000000080007b4                PendSV_Handler
 .text.OS_SVC   0x0000000008000998       0x6c RTOS/Scheduler.o
                0x0000000008000998                OS_SVC
 .text.OS_SVC_Set
                0x0000000008000a04       0x30 RTOS/Scheduler.o
                0x0000000008000a04                OS_SVC_Set
 .text.RTOS_ActivateTask
                0x0000000008000a34       0x1c RTOS/Scheduler.o
                0x0000000008000a34                RTOS_ActivateTask
 .text.RTOS_TerminalTask
                0x0000000008000a50       0x1c RTOS/Scheduler.o
                0x0000000008000a50                RTOS_TerminalTask
 .text.RTOS_StartOS
                0x0000000008000a6c       0x5c RTOS/Scheduler.o
                0x0000000008000a6c                RTOS_StartOS
 .text.RTOS_TaskWait
                0x0000000008000ac8       0x26 RTOS/Scheduler.o
                0x0000000008000ac8                RTOS_TaskWait
 *fill*         0x0000000008000aee        0x2 
 .text.RTOS_Update_TaskWaitingTime
                0x0000000008000af0       0x88 RTOS/Scheduler.o
                0x0000000008000af0                RTOS_Update_TaskWaitingTime
 .text.Task1    0x0000000008000b78       0x24 Src/main.o
                0x0000000008000b78                Task1
 .text.Task2    0x0000000008000b9c       0x24 Src/main.o
                0x0000000008000b9c                Task2
 .text.Task3    0x0000000008000bc0       0x28 Src/main.o
                0x0000000008000bc0                Task3
 .text.Task4    0x0000000008000be8       0x28 Src/main.o
                0x0000000008000be8                Task4
 .text.main     0x0000000008000c10      0x11c Src/main.o
                0x0000000008000c10                main
 .text.Reset_Handler
                0x0000000008000d2c       0x50 Startup/startup_stm32f103c6tx.o
                0x0000000008000d2c                Reset_Handler
 .text.Default_Handler
                0x0000000008000d7c        0x2 Startup/startup_stm32f103c6tx.o
                0x0000000008000d7c                TIM8_TRG_COM_IRQHandler
                0x0000000008000d7c                TIM8_CC_IRQHandler
                0x0000000008000d7c                DebugMon_Handler
                0x0000000008000d7c                TIM1_CC_IRQHandler
                0x0000000008000d7c                TIM6_IRQHandler
                0x0000000008000d7c                PVD_IRQHandler
                0x0000000008000d7c                SDIO_IRQHandler
                0x0000000008000d7c                NMI_Handler
                0x0000000008000d7c                USB_HP_CAN_TX_IRQHandler
                0x0000000008000d7c                I2C2_EV_IRQHandler
                0x0000000008000d7c                ADC1_2_IRQHandler
                0x0000000008000d7c                CAN_SCE_IRQHandler
                0x0000000008000d7c                TAMPER_IRQHandler
                0x0000000008000d7c                TIM8_UP_IRQHandler
                0x0000000008000d7c                DMA2_Channel2_IRQHandler
                0x0000000008000d7c                DMA1_Channel4_IRQHandler
                0x0000000008000d7c                RTC_IRQHandler
                0x0000000008000d7c                DMA1_Channel7_IRQHandler
                0x0000000008000d7c                UART5_IRQHandler
                0x0000000008000d7c                ADC3_IRQHandler
                0x0000000008000d7c                TIM4_IRQHandler
                0x0000000008000d7c                CAN_RX1_IRQHandler
                0x0000000008000d7c                DMA2_Channel1_IRQHandler
                0x0000000008000d7c                I2C1_EV_IRQHandler
                0x0000000008000d7c                DMA1_Channel6_IRQHandler
                0x0000000008000d7c                UART4_IRQHandler
                0x0000000008000d7c                TIM3_IRQHandler
                0x0000000008000d7c                RCC_IRQHandler
                0x0000000008000d7c                TIM1_TRG_COM_IRQHandler
                0x0000000008000d7c                DMA1_Channel1_IRQHandler
                0x0000000008000d7c                Default_Handler
                0x0000000008000d7c                TIM7_IRQHandler
                0x0000000008000d7c                TIM5_IRQHandler
                0x0000000008000d7c                USB_LP_CAN_RX0_IRQHandler
                0x0000000008000d7c                DMA1_Channel5_IRQHandler
                0x0000000008000d7c                DMA1_Channel3_IRQHandler
                0x0000000008000d7c                FSMC_IRQHandler
                0x0000000008000d7c                TIM1_UP_IRQHandler
                0x0000000008000d7c                WWDG_IRQHandler
                0x0000000008000d7c                TIM2_IRQHandler
                0x0000000008000d7c                TIM1_BRK_IRQHandler
                0x0000000008000d7c                RTCAlarm_IRQHandler
                0x0000000008000d7c                DMA2_Channel4_5_IRQHandler
                0x0000000008000d7c                I2C2_ER_IRQHandler
                0x0000000008000d7c                DMA1_Channel2_IRQHandler
                0x0000000008000d7c                TIM8_BRK_IRQHandler
                0x0000000008000d7c                FLASH_IRQHandler
                0x0000000008000d7c                SPI3_IRQHandler
                0x0000000008000d7c                I2C1_ER_IRQHandler
                0x0000000008000d7c                DMA2_Channel3_IRQHandler
 *fill*         0x0000000008000d7e        0x2 
 .text.EXTI0_IRQHandler
                0x0000000008000d80       0x24 Stm32_F103C6_Drivers/EXTI/Stm32_F103C6_EXTI_driver.o
                0x0000000008000d80                EXTI0_IRQHandler
 .text.EXTI1_IRQHandler
                0x0000000008000da4       0x24 Stm32_F103C6_Drivers/EXTI/Stm32_F103C6_EXTI_driver.o
                0x0000000008000da4                EXTI1_IRQHandler
 .text.EXTI2_IRQHandler
                0x0000000008000dc8       0x24 Stm32_F103C6_Drivers/EXTI/Stm32_F103C6_EXTI_driver.o
                0x0000000008000dc8                EXTI2_IRQHandler
 .text.EXTI3_IRQHandler
                0x0000000008000dec       0x24 Stm32_F103C6_Drivers/EXTI/Stm32_F103C6_EXTI_driver.o
                0x0000000008000dec                EXTI3_IRQHandler
 .text.EXTI4_IRQHandler
                0x0000000008000e10       0x24 Stm32_F103C6_Drivers/EXTI/Stm32_F103C6_EXTI_driver.o
                0x0000000008000e10                EXTI4_IRQHandler
 .text.EXTI9_5_IRQHandler
                0x0000000008000e34       0xa8 Stm32_F103C6_Drivers/EXTI/Stm32_F103C6_EXTI_driver.o
                0x0000000008000e34                EXTI9_5_IRQHandler
 .text.EXTI15_10_IRQHandler
                0x0000000008000edc       0xc4 Stm32_F103C6_Drivers/EXTI/Stm32_F103C6_EXTI_driver.o
                0x0000000008000edc                EXTI15_10_IRQHandler
 .text.SPI1_IRQHandler
                0x0000000008000fa0       0x1c Stm32_F103C6_Drivers/SPI/Stm32_F103C6_SPI_driver.o
                0x0000000008000fa0                SPI1_IRQHandler
 .text.SPI2_IRQHandler
                0x0000000008000fbc       0x1c Stm32_F103C6_Drivers/SPI/Stm32_F103C6_SPI_driver.o
                0x0000000008000fbc                SPI2_IRQHandler
 .text.USART1_IRQHandler
                0x0000000008000fd8       0x14 Stm32_F103C6_Drivers/USART/Stm32_F103C6_USART_driver.o
                0x0000000008000fd8                USART1_IRQHandler
 .text.USART2_IRQHandler
                0x0000000008000fec       0x14 Stm32_F103C6_Drivers/USART/Stm32_F103C6_USART_driver.o
                0x0000000008000fec                USART2_IRQHandler
 .text.USART3_IRQHandler
                0x0000000008001000       0x14 Stm32_F103C6_Drivers/USART/Stm32_F103C6_USART_driver.o
                0x0000000008001000                USART3_IRQHandler
 .text.__libc_init_array
                0x0000000008001014       0x48 c:/st/stm32cubeide_1.4.0/stm32cubeide/plugins/com.st.stm32cube.ide.mcu.externaltools.gnu-tools-for-stm32.7-2018-q2-update.win32_1.4.0.202007081208/tools/bin/../lib/gcc/arm-none-eabi/7.3.1/../../../../arm-none-eabi/lib/thumb/v7-m\libc_nano.a(lib_a-init.o)
                0x0000000008001014                __libc_init_array
 *(.glue_7)
 .glue_7        0x000000000800105c        0x0 linker stubs
 *(.glue_7t)
 .glue_7t       0x000000000800105c        0x0 linker stubs
 *(.eh_frame)
 .eh_frame      0x000000000800105c        0x0 c:/st/stm32cubeide_1.4.0/stm32cubeide/plugins/com.st.stm32cube.ide.mcu.externaltools.gnu-tools-for-stm32.7-2018-q2-update.win32_1.4.0.202007081208/tools/bin/../lib/gcc/arm-none-eabi/7.3.1/thumb/v7-m/crtbegin.o
 *(.init)
 .init          0x000000000800105c        0x4 c:/st/stm32cubeide_1.4.0/stm32cubeide/plugins/com.st.stm32cube.ide.mcu.externaltools.gnu-tools-for-stm32.7-2018-q2-update.win32_1.4.0.202007081208/tools/bin/../lib/gcc/arm-none-eabi/7.3.1/thumb/v7-m/crti.o
                0x000000000800105c                _init
 .init          0x0000000008001060        0x8 c:/st/stm32cubeide_1.4.0/stm32cubeide/plugins/com.st.stm32cube.ide.mcu.externaltools.gnu-tools-for-stm32.7-2018-q2-update.win32_1.4.0.202007081208/tools/bin/../lib/gcc/arm-none-eabi/7.3.1/thumb/v7-m/crtn.o
 *(.fini)
 .fini          0x0000000008001068        0x4 c:/st/stm32cubeide_1.4.0/stm32cubeide/plugins/com.st.stm32cube.ide.mcu.externaltools.gnu-tools-for-stm32.7-2018-q2-update.win32_1.4.0.202007081208/tools/bin/../lib/gcc/arm-none-eabi/7.3.1/thumb/v7-m/crti.o
                0x0000000008001068                _fini
 .fini          0x000000000800106c        0x8 c:/st/stm32cubeide_1.4.0/stm32cubeide/plugins/com.st.stm32cube.ide.mcu.externaltools.gnu-tools-for-stm32.7-2018-q2-update.win32_1.4.0.202007081208/tools/bin/../lib/gcc/arm-none-eabi/7.3.1/thumb/v7-m/crtn.o
                0x0000000008001074                . = ALIGN (0x4)
                0x0000000008001074                _etext = .

.vfp11_veneer   0x0000000008001074        0x0
 .vfp11_veneer  0x0000000008001074        0x0 linker stubs

.v4_bx          0x0000000008001074        0x0
 .v4_bx         0x0000000008001074        0x0 linker stubs

.iplt           0x0000000008001074        0x0
 .iplt          0x0000000008001074        0x0 c:/st/stm32cubeide_1.4.0/stm32cubeide/plugins/com.st.stm32cube.ide.mcu.externaltools.gnu-tools-for-stm32.7-2018-q2-update.win32_1.4.0.202007081208/tools/bin/../lib/gcc/arm-none-eabi/7.3.1/thumb/v7-m/crtbegin.o

.rodata         0x0000000008001074       0x2c
                0x0000000008001074                . = ALIGN (0x4)
 *(.rodata)
 .rodata        0x0000000008001074        0x9 RTOS/Scheduler.o
 *fill*         0x000000000800107d        0x3 
 .rodata        0x0000000008001080       0x1e Src/main.o
 *(.rodata*)
                0x00000000080010a0                . = ALIGN (0x4)
 *fill*         0x000000000800109e        0x2 

.rel.dyn        0x00000000080010a0        0x0
 .rel.iplt      0x00000000080010a0        0x0 c:/st/stm32cubeide_1.4.0/stm32cubeide/plugins/com.st.stm32cube.ide.mcu.externaltools.gnu-tools-for-stm32.7-2018-q2-update.win32_1.4.0.202007081208/tools/bin/../lib/gcc/arm-none-eabi/7.3.1/thumb/v7-m/crtbegin.o

.ARM.extab      0x00000000080010a0        0x0
                0x00000000080010a0                . = ALIGN (0x4)
 *(.ARM.extab* .gnu.linkonce.armextab.*)
                0x00000000080010a0                . = ALIGN (0x4)

.ARM            0x00000000080010a0        0x0
                0x00000000080010a0                . = ALIGN (0x4)
                0x00000000080010a0                __exidx_start = .
 *(.ARM.exidx*)
                0x00000000080010a0                __exidx_end = .
                0x00000000080010a0                . = ALIGN (0x4)

.preinit_array  0x00000000080010a0        0x0
                0x00000000080010a0                . = ALIGN (0x4)
                0x00000000080010a0                PROVIDE (__preinit_array_start = .)
 *(.preinit_array*)
                0x00000000080010a0                PROVIDE (__preinit_array_end = .)
                0x00000000080010a0                . = ALIGN (0x4)

.init_array     0x00000000080010a0        0x4
                0x00000000080010a0                . = ALIGN (0x4)
                0x00000000080010a0                PROVIDE (__init_array_start = .)
 *(SORT_BY_NAME(.init_array.*))
 *(.init_array*)
 .init_array    0x00000000080010a0        0x4 c:/st/stm32cubeide_1.4.0/stm32cubeide/plugins/com.st.stm32cube.ide.mcu.externaltools.gnu-tools-for-stm32.7-2018-q2-update.win32_1.4.0.202007081208/tools/bin/../lib/gcc/arm-none-eabi/7.3.1/thumb/v7-m/crtbegin.o
                0x00000000080010a4                PROVIDE (__init_array_end = .)
                0x00000000080010a4                . = ALIGN (0x4)

.fini_array     0x00000000080010a4        0x4
                0x00000000080010a4                . = ALIGN (0x4)
                [!provide]                        PROVIDE (__fini_array_start = .)
 *(SORT_BY_NAME(.fini_array.*))
 *(.fini_array*)
 .fini_array    0x00000000080010a4        0x4 c:/st/stm32cubeide_1.4.0/stm32cubeide/plugins/com.st.stm32cube.ide.mcu.externaltools.gnu-tools-for-stm32.7-2018-q2-update.win32_1.4.0.202007081208/tools/bin/../lib/gcc/arm-none-eabi/7.3.1/thumb/v7-m/crtbegin.o
                [!provide]                        PROVIDE (__fini_array_end = .)
                0x00000000080010a8                . = ALIGN (0x4)
                0x00000000080010a8                _sidata = LOADADDR (.data)

.data           0x0000000020000000        0x0 load address 0x00000000080010a8
                0x0000000020000000                . = ALIGN (0x4)
                0x0000000020000000                _sdata = .
 *(.data)
 *(.data*)
                0x0000000020000000                . = ALIGN (0x4)
                0x0000000020000000                _edata = .

.igot.plt       0x0000000020000000        0x0 load address 0x00000000080010a8
 .igot.plt      0x0000000020000000        0x0 c:/st/stm32cubeide_1.4.0/stm32cubeide/plugins/com.st.stm32cube.ide.mcu.externaltools.gnu-tools-for-stm32.7-2018-q2-update.win32_1.4.0.202007081208/tools/bin/../lib/gcc/arm-none-eabi/7.3.1/thumb/v7-m/crtbegin.o
                0x0000000020000000                . = ALIGN (0x4)

.bss            0x0000000020000000      0x504 load address 0x00000000080010a8
                0x0000000020000000                _sbss = .
                0x0000000020000000                __bss_start__ = _sbss
 *(.bss)
 .bss           0x0000000020000000       0x1c c:/st/stm32cubeide_1.4.0/stm32cubeide/plugins/com.st.stm32cube.ide.mcu.externaltools.gnu-tools-for-stm32.7-2018-q2-update.win32_1.4.0.202007081208/tools/bin/../lib/gcc/arm-none-eabi/7.3.1/thumb/v7-m/crtbegin.o
 *(.bss*)
 .bss.Global_SPI_Config
                0x000000002000001c        0x8 Stm32_F103C6_Drivers/SPI/Stm32_F103C6_SPI_driver.o
                0x000000002000001c                Global_SPI_Config
 .bss.Global_UART_config
                0x0000000020000024        0x4 Stm32_F103C6_Drivers/USART/Stm32_F103C6_USART_driver.o
                0x0000000020000024                Global_UART_config
 *(COMMON)
 COMMON         0x0000000020000028        0x1 RTOS/CortexMX_OS_porting.o
                0x0000000020000028                SysTickLed
 *fill*         0x0000000020000029        0x3 
 COMMON         0x000000002000002c      0x394 RTOS/Scheduler.o
                0x000000002000002c                OS_Control
                0x00000000200001d8                Ready_QUEUE
                0x00000000200001ec                IdleTaskLed
                0x00000000200001f0                RTOS_IdleTask
                0x0000000020000230                Ready_QUEUE_FIFO
 COMMON         0x00000000200003c0      0x105 Src/main.o
                0x00000000200003c0                T2
                0x0000000020000400                T4
                0x0000000020000440                T3_Led
                0x0000000020000441                T2_Led
                0x0000000020000442                T1_Led
                0x0000000020000444                T3
                0x0000000020000484                T1
                0x00000000200004c4                T4_Led
 *fill*         0x00000000200004c5        0x3 
 COMMON         0x00000000200004c8       0x3c Stm32_F103C6_Drivers/EXTI/Stm32_F103C6_EXTI_driver.o
                0x00000000200004c8                GP_IRQ_CALLBACK
                0x0000000020000504                . = ALIGN (0x4)
                0x0000000020000504                _ebss = .
                0x0000000020000504                __bss_end__ = _ebss

._user_heap_stack
                0x0000000020000504      0x604 load address 0x00000000080010a8
                0x0000000020000508                . = ALIGN (0x8)
 *fill*         0x0000000020000504        0x4 
                [!provide]                        PROVIDE (end = .)
                0x0000000020000508                PROVIDE (_end = .)
                0x0000000020000708                . = (. + _Min_Heap_Size)
 *fill*         0x0000000020000508      0x200 
                0x0000000020000b08                . = (. + _Min_Stack_Size)
 *fill*         0x0000000020000708      0x400 
                0x0000000020000b08                . = ALIGN (0x8)
                0x0000000020000b08                _eheap = .

/DISCARD/
 libc.a(*)
 libm.a(*)
 libgcc.a(*)

.ARM.attributes
                0x0000000000000000       0x29
 *(.ARM.attributes)
 .ARM.attributes
                0x0000000000000000       0x1d c:/st/stm32cubeide_1.4.0/stm32cubeide/plugins/com.st.stm32cube.ide.mcu.externaltools.gnu-tools-for-stm32.7-2018-q2-update.win32_1.4.0.202007081208/tools/bin/../lib/gcc/arm-none-eabi/7.3.1/thumb/v7-m/crti.o
 .ARM.attributes
                0x000000000000001d       0x2d c:/st/stm32cubeide_1.4.0/stm32cubeide/plugins/com.st.stm32cube.ide.mcu.externaltools.gnu-tools-for-stm32.7-2018-q2-update.win32_1.4.0.202007081208/tools/bin/../lib/gcc/arm-none-eabi/7.3.1/thumb/v7-m/crtbegin.o
 .ARM.attributes
                0x000000000000004a       0x33 RTOS/CortexMX_OS_porting.o
 .ARM.attributes
                0x000000000000007d       0x33 RTOS/MYRTOS_FIFO.o
 .ARM.attributes
                0x00000000000000b0       0x33 RTOS/Scheduler.o
 .ARM.attributes
                0x00000000000000e3       0x33 Src/main.o
 .ARM.attributes
                0x0000000000000116       0x21 Startup/startup_stm32f103c6tx.o
 .ARM.attributes
                0x0000000000000137       0x33 Stm32_F103C6_Drivers/EXTI/Stm32_F103C6_EXTI_driver.o
 .ARM.attributes
                0x000000000000016a       0x33 Stm32_F103C6_Drivers/SPI/Stm32_F103C6_SPI_driver.o
 .ARM.attributes
                0x000000000000019d       0x33 Stm32_F103C6_Drivers/USART/Stm32_F103C6_USART_driver.o
 .ARM.attributes
                0x00000000000001d0       0x2d c:/st/stm32cubeide_1.4.0/stm32cubeide/plugins/com.st.stm32cube.ide.mcu.externaltools.gnu-tools-for-stm32.7-2018-q2-update.win32_1.4.0.202007081208/tools/bin/../lib/gcc/arm-none-eabi/7.3.1/../../../../arm-none-eabi/lib/thumb/v7-m\libc_nano.a(lib_a-init.o)
 .ARM.attributes
                0x00000000000001fd       0x1b c:/st/stm32cubeide_1.4.0/stm32cubeide/plugins/com.st.stm32cube.ide.mcu.externaltools.gnu-tools-for-stm32.7-2018-q2-update.win32_1.4.0.202007081208/tools/bin/../lib/gcc/arm-none-eabi/7.3.1/../../../../arm-none-eabi/lib/thumb/v7-m\libc_nano.a(lib_a-strcmp.o)
 .ARM.attributes
                0x0000000000000218       0x1d c:/st/stm32cubeide_1.4.0/stm32cubeide/plugins/com.st.stm32cube.ide.mcu.externaltools.gnu-tools-for-stm32.7-2018-q2-update.win32_1.4.0.202007081208/tools/bin/../lib/gcc/arm-none-eabi/7.3.1/thumb/v7-m/crtn.o
OUTPUT(Drivers.axf elf32-littlearm)

.debug_info     0x0000000000000000     0x5a16
 .debug_info    0x0000000000000000      0x642 RTOS/CortexMX_OS_porting.o
 .debug_info    0x0000000000000642      0xca8 RTOS/MYRTOS_FIFO.o
 .debug_info    0x00000000000012ea     0x1011 RTOS/Scheduler.o
 .debug_info    0x00000000000022fb      0xc1f Src/main.o
 .debug_info    0x0000000000002f1a       0x22 Startup/startup_stm32f103c6tx.o
 .debug_info    0x0000000000002f3c      0xdbb Stm32_F103C6_Drivers/EXTI/Stm32_F103C6_EXTI_driver.o
 .debug_info    0x0000000000003cf7      0xecd Stm32_F103C6_Drivers/SPI/Stm32_F103C6_SPI_driver.o
 .debug_info    0x0000000000004bc4      0xe52 Stm32_F103C6_Drivers/USART/Stm32_F103C6_USART_driver.o

.debug_abbrev   0x0000000000000000      0xf2d
 .debug_abbrev  0x0000000000000000      0x1c4 RTOS/CortexMX_OS_porting.o
 .debug_abbrev  0x00000000000001c4      0x1cf RTOS/MYRTOS_FIFO.o
 .debug_abbrev  0x0000000000000393      0x36d RTOS/Scheduler.o
 .debug_abbrev  0x0000000000000700      0x1d7 Src/main.o
 .debug_abbrev  0x00000000000008d7       0x12 Startup/startup_stm32f103c6tx.o
 .debug_abbrev  0x00000000000008e9      0x219 Stm32_F103C6_Drivers/EXTI/Stm32_F103C6_EXTI_driver.o
 .debug_abbrev  0x0000000000000b02      0x217 Stm32_F103C6_Drivers/SPI/Stm32_F103C6_SPI_driver.o
 .debug_abbrev  0x0000000000000d19      0x214 Stm32_F103C6_Drivers/USART/Stm32_F103C6_USART_driver.o

.debug_loc      0x0000000000000000     0x1260
 .debug_loc     0x0000000000000000      0x284 RTOS/CortexMX_OS_porting.o
 .debug_loc     0x0000000000000284      0x1cc RTOS/MYRTOS_FIFO.o
 .debug_loc     0x0000000000000450      0x474 RTOS/Scheduler.o
 .debug_loc     0x00000000000008c4       0xdc Src/main.o
 .debug_loc     0x00000000000009a0      0x320 Stm32_F103C6_Drivers/EXTI/Stm32_F103C6_EXTI_driver.o
 .debug_loc     0x0000000000000cc0      0x2bc Stm32_F103C6_Drivers/SPI/Stm32_F103C6_SPI_driver.o
 .debug_loc     0x0000000000000f7c      0x2e4 Stm32_F103C6_Drivers/USART/Stm32_F103C6_USART_driver.o

.debug_aranges  0x0000000000000000      0x2f0
 .debug_aranges
                0x0000000000000000       0x70 RTOS/CortexMX_OS_porting.o
 .debug_aranges
                0x0000000000000070       0x40 RTOS/MYRTOS_FIFO.o
 .debug_aranges
                0x00000000000000b0       0x98 RTOS/Scheduler.o
 .debug_aranges
                0x0000000000000148       0x40 Src/main.o
 .debug_aranges
                0x0000000000000188       0x28 Startup/startup_stm32f103c6tx.o
 .debug_aranges
                0x00000000000001b0       0x80 Stm32_F103C6_Drivers/EXTI/Stm32_F103C6_EXTI_driver.o
 .debug_aranges
                0x0000000000000230       0x58 Stm32_F103C6_Drivers/SPI/Stm32_F103C6_SPI_driver.o
 .debug_aranges
                0x0000000000000288       0x68 Stm32_F103C6_Drivers/USART/Stm32_F103C6_USART_driver.o

.debug_ranges   0x0000000000000000      0x278
 .debug_ranges  0x0000000000000000       0x60 RTOS/CortexMX_OS_porting.o
 .debug_ranges  0x0000000000000060       0x30 RTOS/MYRTOS_FIFO.o
 .debug_ranges  0x0000000000000090       0x88 RTOS/Scheduler.o
 .debug_ranges  0x0000000000000118       0x30 Src/main.o
 .debug_ranges  0x0000000000000148       0x20 Startup/startup_stm32f103c6tx.o
 .debug_ranges  0x0000000000000168       0x70 Stm32_F103C6_Drivers/EXTI/Stm32_F103C6_EXTI_driver.o
 .debug_ranges  0x00000000000001d8       0x48 Stm32_F103C6_Drivers/SPI/Stm32_F103C6_SPI_driver.o
 .debug_ranges  0x0000000000000220       0x58 Stm32_F103C6_Drivers/USART/Stm32_F103C6_USART_driver.o

.debug_macro    0x0000000000000000     0x2e5a
 .debug_macro   0x0000000000000000       0xce RTOS/CortexMX_OS_porting.o
 .debug_macro   0x00000000000000ce       0x28 RTOS/CortexMX_OS_porting.o
 .debug_macro   0x00000000000000f6       0x8e RTOS/CortexMX_OS_porting.o
 .debug_macro   0x0000000000000184       0x51 RTOS/CortexMX_OS_porting.o
 .debug_macro   0x00000000000001d5       0x1c RTOS/CortexMX_OS_porting.o
 .debug_macro   0x00000000000001f1       0x22 RTOS/CortexMX_OS_porting.o
 .debug_macro   0x0000000000000213       0xf1 RTOS/CortexMX_OS_porting.o
 .debug_macro   0x0000000000000304      0xe74 RTOS/CortexMX_OS_porting.o
 .debug_macro   0x0000000000001178      0x11f RTOS/CortexMX_OS_porting.o
 .debug_macro   0x0000000000001297       0x2e RTOS/CortexMX_OS_porting.o
 .debug_macro   0x00000000000012c5      0x23d RTOS/MYRTOS_FIFO.o
 .debug_macro   0x0000000000001502       0x16 RTOS/MYRTOS_FIFO.o
 .debug_macro   0x0000000000001518       0x97 RTOS/MYRTOS_FIFO.o
 .debug_macro   0x00000000000015af       0xfd RTOS/MYRTOS_FIFO.o
 .debug_macro   0x00000000000016ac       0x10 RTOS/MYRTOS_FIFO.o
 .debug_macro   0x00000000000016bc       0x10 RTOS/MYRTOS_FIFO.o
 .debug_macro   0x00000000000016cc       0x1c RTOS/MYRTOS_FIFO.o
 .debug_macro   0x00000000000016e8       0x52 RTOS/MYRTOS_FIFO.o
 .debug_macro   0x000000000000173a       0x40 RTOS/MYRTOS_FIFO.o
 .debug_macro   0x000000000000177a       0x10 RTOS/MYRTOS_FIFO.o
 .debug_macro   0x000000000000178a       0x40 RTOS/MYRTOS_FIFO.o
 .debug_macro   0x00000000000017ca       0xd7 RTOS/MYRTOS_FIFO.o
 .debug_macro   0x00000000000018a1       0x1c RTOS/MYRTOS_FIFO.o
 .debug_macro   0x00000000000018bd       0x3d RTOS/MYRTOS_FIFO.o
 .debug_macro   0x00000000000018fa       0x16 RTOS/MYRTOS_FIFO.o
 .debug_macro   0x0000000000001910      0x145 RTOS/MYRTOS_FIFO.o
 .debug_macro   0x0000000000001a55       0xeb RTOS/MYRTOS_FIFO.o
 .debug_macro   0x0000000000001b40      0x247 RTOS/Scheduler.o
 .debug_macro   0x0000000000001d87       0x46 RTOS/Scheduler.o
 .debug_macro   0x0000000000001dcd      0x32a RTOS/Scheduler.o
 .debug_macro   0x00000000000020f7      0x21d Src/main.o
 .debug_macro   0x0000000000002314       0xd0 Src/main.o
 .debug_macro   0x00000000000023e4      0x21b Src/main.o
 .debug_macro   0x00000000000025ff       0xe2 Src/main.o
 .debug_macro   0x00000000000026e1       0xac Src/main.o
 .debug_macro   0x000000000000278d       0x40 Src/main.o
 .debug_macro   0x00000000000027cd       0xc4 Src/main.o
 .debug_macro   0x0000000000002891       0x58 Src/main.o
 .debug_macro   0x00000000000028e9       0x10 Src/main.o
 .debug_macro   0x00000000000028f9       0x9a Src/main.o
 .debug_macro   0x0000000000002993      0x152 Stm32_F103C6_Drivers/EXTI/Stm32_F103C6_EXTI_driver.o
 .debug_macro   0x0000000000002ae5      0x160 Stm32_F103C6_Drivers/SPI/Stm32_F103C6_SPI_driver.o
 .debug_macro   0x0000000000002c45       0xbe Stm32_F103C6_Drivers/SPI/Stm32_F103C6_SPI_driver.o
 .debug_macro   0x0000000000002d03      0x157 Stm32_F103C6_Drivers/USART/Stm32_F103C6_USART_driver.o

.debug_line     0x0000000000000000     0x312f
 .debug_line    0x0000000000000000      0x52a RTOS/CortexMX_OS_porting.o
 .debug_line    0x000000000000052a      0x6df RTOS/MYRTOS_FIFO.o
 .debug_line    0x0000000000000c09      0x876 RTOS/Scheduler.o
 .debug_line    0x000000000000147f      0x7b9 Src/main.o
 .debug_line    0x0000000000001c38       0x84 Startup/startup_stm32f103c6tx.o
 .debug_line    0x0000000000001cbc      0x72f Stm32_F103C6_Drivers/EXTI/Stm32_F103C6_EXTI_driver.o
 .debug_line    0x00000000000023eb      0x697 Stm32_F103C6_Drivers/SPI/Stm32_F103C6_SPI_driver.o
 .debug_line    0x0000000000002a82      0x6ad Stm32_F103C6_Drivers/USART/Stm32_F103C6_USART_driver.o

.debug_str      0x0000000000000000    0x14515
 .debug_str     0x0000000000000000     0xa593 RTOS/CortexMX_OS_porting.o
                                       0xa72e (size before relaxing)
 .debug_str     0x000000000000a593     0x44e9 RTOS/MYRTOS_FIFO.o
                                       0xe9bb (size before relaxing)
 .debug_str     0x000000000000ea7c      0x253 RTOS/Scheduler.o
                                       0xebf6 (size before relaxing)
 .debug_str     0x000000000000eccf     0x5113 Src/main.o
                                      0x12821 (size before relaxing)
 .debug_str     0x0000000000013de2       0x31 Startup/startup_stm32f103c6tx.o
                                         0x52 (size before relaxing)
 .debug_str     0x0000000000013e13      0x2e0 Stm32_F103C6_Drivers/EXTI/Stm32_F103C6_EXTI_driver.o
                                       0xad80 (size before relaxing)
 .debug_str     0x00000000000140f3      0x287 Stm32_F103C6_Drivers/SPI/Stm32_F103C6_SPI_driver.o
                                       0x9f7b (size before relaxing)
 .debug_str     0x000000000001437a      0x19b Stm32_F103C6_Drivers/USART/Stm32_F103C6_USART_driver.o
                                       0xa040 (size before relaxing)

.comment        0x0000000000000000       0x7b
 .comment       0x0000000000000000       0x7b RTOS/CortexMX_OS_porting.o
                                         0x7c (size before relaxing)
 .comment       0x000000000000007b       0x7c RTOS/MYRTOS_FIFO.o
 .comment       0x000000000000007b       0x7c RTOS/Scheduler.o
 .comment       0x000000000000007b       0x7c Src/main.o
 .comment       0x000000000000007b       0x7c Stm32_F103C6_Drivers/EXTI/Stm32_F103C6_EXTI_driver.o
 .comment       0x000000000000007b       0x7c Stm32_F103C6_Drivers/SPI/Stm32_F103C6_SPI_driver.o
 .comment       0x000000000000007b       0x7c Stm32_F103C6_Drivers/USART/Stm32_F103C6_USART_driver.o

.debug_frame    0x0000000000000000      0x9b4
 .debug_frame   0x0000000000000000      0x160 RTOS/CortexMX_OS_porting.o
 .debug_frame   0x0000000000000160       0xd8 RTOS/MYRTOS_FIFO.o
 .debug_frame   0x0000000000000238      0x230 RTOS/Scheduler.o
 .debug_frame   0x0000000000000468       0x9c Src/main.o
 .debug_frame   0x0000000000000504      0x1b0 Stm32_F103C6_Drivers/EXTI/Stm32_F103C6_EXTI_driver.o
 .debug_frame   0x00000000000006b4      0x144 Stm32_F103C6_Drivers/SPI/Stm32_F103C6_SPI_driver.o
 .debug_frame   0x00000000000007f8      0x170 Stm32_F103C6_Drivers/USART/Stm32_F103C6_USART_driver.o
 .debug_frame   0x0000000000000968       0x2c c:/st/stm32cubeide_1.4.0/stm32cubeide/plugins/com.st.stm32cube.ide.mcu.externaltools.gnu-tools-for-stm32.7-2018-q2-update.win32_1.4.0.202007081208/tools/bin/../lib/gcc/arm-none-eabi/7.3.1/../../../../arm-none-eabi/lib/thumb/v7-m\libc_nano.a(lib_a-init.o)
 .debug_frame   0x0000000000000994       0x20 c:/st/stm32cubeide_1.4.0/stm32cubeide/plugins/com.st.stm32cube.ide.mcu.externaltools.gnu-tools-for-stm32.7-2018-q2-update.win32_1.4.0.202007081208/tools/bin/../lib/gcc/arm-none-eabi/7.3.1/../../../../arm-none-eabi/lib/thumb/v7-m\libc_nano.a(lib_a-strcmp.o)
